2026-08-10 16:55:29.106 | WARNING  | wallet.keypair:load_keypair:18 - PRIVATE_KEY bo'sh – wallet ishlamaydi
2026-08-10 16:55:29.404 | WARNING  | wallet.keypair:load_keypair:18 - PRIVATE_KEY bo'sh – wallet ishlamaydi
2026-08-10 16:55:29.428 | INFO     | __main__:start:99 - ============================================================
2026-08-10 16:55:29.429 | INFO     | __main__:start:100 - Solana Mem Coin Auto Trading Bot (Extended)
2026-08-10 16:55:29.429 | INFO     | __main__:start:101 -   PAPER_TRADING : True
2026-08-10 16:55:29.429 | INFO     | __main__:start:102 -   Trade amount  : $1.0
2026-08-10 16:55:29.429 | INFO     | __main__:start:103 -   Max positions : 5
2026-08-10 16:55:29.429 | INFO     | __main__:start:104 -   SL / TP / Trail: 10% / 30% / 10%
2026-08-10 16:55:29.429 | INFO     | __main__:start:108 -   Max daily loss: $2000.0
2026-08-10 16:55:29.429 | INFO     | __main__:start:109 -   AI Engine     : True (min score 55.0)
2026-08-10 16:55:29.429 | INFO     | __main__:start:110 -   Smart Money   : True
2026-08-10 16:55:29.430 | INFO     | __main__:start:111 -   Whale Track   : True
2026-08-10 16:55:29.430 | INFO     | __main__:start:112 -   MEV Protect   : True
2026-08-10 16:55:29.430 | INFO     | __main__:start:113 -   Auto Blacklist: True
2026-08-10 16:55:29.430 | WARNING  | wallet.keypair:load_keypair:18 - PRIVATE_KEY bo'sh – wallet ishlamaydi
2026-08-10 16:55:29.430 | WARNING  | __main__:start:118 -   Wallet        : PRIVATE_KEY yo'q (faqat paper ishlaydi)
2026-08-10 16:55:29.430 | INFO     | __main__:start:119 - ============================================================
2026-08-10 16:55:29.483 | INFO     | risk.manager:connect:43 - RiskManager Redisga ulandi
2026-08-10 16:55:29.486 | INFO     | risk.manager:set_bot_running:175 - Bot status: RUNNING
2026-08-10 16:55:29.489 | WARNING  | wallet.keypair:load_keypair:18 - PRIVATE_KEY bo'sh – wallet ishlamaydi
2026-08-10 16:55:29.490 | WARNING  | wallet.keypair:load_keypair:18 - PRIVATE_KEY bo'sh – wallet ishlamaydi
2026-08-10 16:55:29.490 | INFO     | utils.cleanup:reconcile_positions:83 - Reconcile: PAPER yoki wallet/RPC yo'q – on-chain sinxron o'tkazib yuborildi (38 pozitsiya)
2026-08-10 16:55:29.490 | INFO     | utils.cleanup:full_cleanup:320 - Full cleanup tugadi: {'reconcile': {'checked': 0, 'removed': [], 'synced': [], 'errors': [], 'skipped_paper': True}}
2026-08-10 16:55:29.491 | WARNING  | telegram.bot:start:48 - TELEGRAM_BOT_TOKEN yo'q – Telegram o'chirilgan
2026-08-10 16:55:30.225 | INFO     | __main__:start:176 - Admin API: http://0.0.0.0:8080
2026-08-10 16:55:30.225 | INFO     | __main__:start:180 - Bot ishga tushdi. Ctrl+C bilan to'xtating.
2026-08-10 16:55:30.225 | INFO     | __main__:start:182 - ⚠️  PAPER MODE – real tranzaksiya yuborilmaydi.
2026-08-10 16:55:30.225 | INFO     | scanner.new_pairs:run_loop:260 - NewPairsScanner ishga tushdi
2026-08-10 16:55:30.251 | INFO     | sell.monitor:run_loop:277 - PositionMonitor ishga tushdi (har 15s)
2026-08-10 16:55:30.252 | INFO     | monitoring.health:run_loop:81 - HealthMonitor started (every 60s)
2026-08-10 16:55:32.214 | WARNING  | wallet.keypair:load_keypair:18 - PRIVATE_KEY bo'sh – wallet ishlamaydi
2026-08-10 16:55:33.044 | INFO     | buy.jupiter:sell_token:216 - [PAPER SELL] ukHH6c7m... → 0.016176 SOL
2026-08-10 16:55:33.049 | INFO     | risk.manager:add_realized_pnl:88 - Daily loss yangilandi: $0.00 (PnL: +0.24)
2026-08-10 16:55:33.053 | INFO     | risk.manager:remove_position:137 - Pozitsiya yopildi: ukHH6c7mMyiWCf1b9pnWe25TSpkDDt3H5pQZgZ74J82
2026-08-10 16:55:33.066 | INFO     | ai_engine.learner:_update_weights:93 - AI weights updated after trade (PnL +24.5%)
2026-08-10 16:55:33.068 | INFO     | sell.monitor:close_position:198 - 🟢 SELL BOME | take_profit | PnL $+0.24 (+24.5%) | PAPER
2026-08-10 16:55:33.479 | INFO     | scanner.new_pairs:scan_once:196 - Topildi 78 ta kandidat
2026-08-10 16:55:34.017 | DEBUG    | sell.monitor:check_once:266 - Hold GEOD @ $0.18050000 (-10.9%)
2026-08-10 16:55:34.421 | WARNING  | utils.retry:<lambda>:19 - Retry 1/3 for get_token_overview: Client error '401 Unauthorized' for url 'https://public-api.birdeye.so/defi/token_overview?address=6eqHDfnH1c5hR5qCBQ2y5WQZ4r7xhjxWc8Zm4qghpump'
For more information check: https://developer.mozilla.org/en-US/docs/Web/HTTP/Status/401
2026-08-10 16:55:35.159 | WARNING  | wallet.keypair:load_keypair:18 - PRIVATE_KEY bo'sh – wallet ishlamaydi
2026-08-10 16:55:35.550 | WARNING  | utils.retry:<lambda>:19 - Retry 2/3 for get_token_overview: Client error '401 Unauthorized' for url 'https://public-api.birdeye.so/defi/token_overview?address=6eqHDfnH1c5hR5qCBQ2y5WQZ4r7xhjxWc8Zm4qghpump'
For more information check: https://developer.mozilla.org/en-US/docs/Web/HTTP/Status/401
2026-08-10 16:55:36.266 | INFO     | buy.jupiter:sell_token:216 - [PAPER SELL] 4N4DnNo3... → 0.030669 SOL
2026-08-10 16:55:36.268 | INFO     | risk.manager:add_realized_pnl:88 - Daily loss yangilandi: $0.00 (PnL: +1.37)
2026-08-10 16:55:36.270 | INFO     | risk.manager:remove_position:137 - Pozitsiya yopildi: 4N4DnNo3qpPks9aQCkcWkzoir8tnvT6diS4TnnZibonk
2026-08-10 16:55:36.272 | INFO     | ai_engine.learner:_update_weights:93 - AI weights updated after trade (PnL +136.5%)
2026-08-10 16:55:36.272 | INFO     | sell.monitor:close_position:198 - 🟢 SELL KITTY | take_profit | PnL $+1.37 (+136.5%) | PAPER
2026-08-10 16:55:37.443 | WARNING  | wallet.keypair:load_keypair:18 - PRIVATE_KEY bo'sh – wallet ishlamaydi
2026-08-10 16:55:37.691 | DEBUG    | scanner.new_pairs:enrich_token:161 - Birdeye overview xato 6eqHDfnH1c5hR5qCBQ2y5WQZ4r7xhjxWc8Zm4qghpump: Client error '401 Unauthorized' for url 'https://public-api.birdeye.so/defi/token_overview?address=6eqHDfnH1c5hR5qCBQ2y5WQZ4r7xhjxWc8Zm4qghpump'
For more information check: https://developer.mozilla.org/en-US/docs/Web/HTTP/Status/401
2026-08-10 16:55:37.825 | WARNING  | scanner.birdeye:get_token_security:83 - Birdeye /token_security ushbu API kalit/tarif uchun yopiq (401/403 - 'lacks sufficient permissions'). Mint/freeze authority va honeypot tekshiruvlari SHU SESSIYADA o'chiriladi. To'liq xavfsizlik tekshiruvi uchun Birdeye tarifini yangilash kerak (Standard/Business).
2026-08-10 16:55:37.963 | DEBUG    | scanner.new_pairs:scan_once:240 - ❌ Filter o'tmadi 6eqHDfnH1c5hR5qCBQ2y5WQZ4r7xhjxWc8Zm4qghpump: ['Token yoshi OK: 4.9 daq', 'Liquidity past: $0 < $20,000']
2026-08-10 16:55:38.320 | INFO     | buy.jupiter:sell_token:216 - [PAPER SELL] HKJHsYJH... → 0.010633 SOL
2026-08-10 16:55:38.322 | INFO     | risk.manager:add_realized_pnl:88 - Daily loss yangilandi: $0.18 (PnL: -0.18)
2026-08-10 16:55:38.324 | INFO     | risk.manager:remove_position:137 - Pozitsiya yopildi: HKJHsYJHMVK5VRyHHk5GhvzY9tBAAtPvDkZfDH6RLDTd
2026-08-10 16:55:38.326 | INFO     | ai_engine.learner:_update_weights:93 - AI weights updated after trade (PnL -17.9%)
2026-08-10 16:55:38.327 | INFO     | sell.monitor:close_position:198 - 🔴 SELL READY | trailing_stop | PnL $-0.18 (-17.9%) | PAPER
2026-08-10 16:55:39.014 | WARNING  | utils.retry:<lambda>:19 - Retry 1/3 for get_token_overview: Client error '401 Unauthorized' for url 'https://public-api.birdeye.so/defi/token_overview?address=4vvMmoVXtiEwr8jem32s4A2i8w4EUVTvTmYt56VNpump'
For more information check: https://developer.mozilla.org/en-US/docs/Web/HTTP/Status/401
2026-08-10 16:55:39.415 | DEBUG    | sell.monitor:check_once:266 - Hold PBTC @ $0.15340000 (+4.9%)
2026-08-10 16:55:40.181 | WARNING  | utils.retry:<lambda>:19 - Retry 2/3 for get_token_overview: Client error '401 Unauthorized' for url 'https://public-api.birdeye.so/defi/token_overview?address=4vvMmoVXtiEwr8jem32s4A2i8w4EUVTvTmYt56VNpump'
For more information check: https://developer.mozilla.org/en-US/docs/Web/HTTP/Status/401
2026-08-10 16:55:40.396 | WARNING  | wallet.keypair:load_keypair:18 - PRIVATE_KEY bo'sh – wallet ishlamaydi
2026-08-10 16:55:40.992 | INFO     | buy.jupiter:sell_token:216 - [PAPER SELL] DtR4D9Ft... → 0.017374 SOL
2026-08-10 16:55:40.993 | INFO     | risk.manager:add_realized_pnl:88 - Daily loss yangilandi: $0.00 (PnL: +0.34)
2026-08-10 16:55:40.994 | INFO     | risk.manager:remove_position:137 - Pozitsiya yopildi: DtR4D9FtVoTX2569gaL837ZgrB6wNjj6tkmnX9Rdk9B2
2026-08-10 16:55:40.996 | INFO     | ai_engine.learner:_update_weights:93 - AI weights updated after trade (PnL +33.6%)
2026-08-10 16:55:40.996 | INFO     | sell.monitor:close_position:198 - 🟢 SELL aura | take_profit | PnL $+0.34 (+33.6%) | PAPER
2026-08-10 16:55:42.041 | DEBUG    | sell.monitor:check_once:266 - Hold GIGA @ $0.00201000 (+5.0%)
2026-08-10 16:55:42.306 | DEBUG    | scanner.new_pairs:enrich_token:161 - Birdeye overview xato 4vvMmoVXtiEwr8jem32s4A2i8w4EUVTvTmYt56VNpump: Client error '401 Unauthorized' for url 'https://public-api.birdeye.so/defi/token_overview?address=4vvMmoVXtiEwr8jem32s4A2i8w4EUVTvTmYt56VNpump'
For more information check: https://developer.mozilla.org/en-US/docs/Web/HTTP/Status/401
2026-08-10 16:55:42.414 | DEBUG    | scanner.new_pairs:scan_once:240 - ❌ Filter o'tmadi 4vvMmoVXtiEwr8jem32s4A2i8w4EUVTvTmYt56VNpump: ['Token eski: 57.8 daq > 15']
2026-08-10 16:55:42.935 | DEBUG    | sell.monitor:check_once:266 - Hold POPCAT @ $0.04475000 (-0.7%)
2026-08-10 16:55:43.577 | WARNING  | utils.retry:<lambda>:19 - Retry 1/3 for get_token_overview: Client error '401 Unauthorized' for url 'https://public-api.birdeye.so/defi/token_overview?address=J6pTFsv3baumQ4LcX5hL4socZBXESUrLsACHMJbipump'
For more information check: https://developer.mozilla.org/en-US/docs/Web/HTTP/Status/401
2026-08-10 16:55:44.131 | DEBUG    | sell.monitor:check_once:266 - Hold SHIB @ $0.00072180 (+1.3%)
2026-08-10 16:55:44.777 | WARNING  | utils.retry:<lambda>:19 - Retry 2/3 for get_token_overview: Client error '401 Unauthorized' for url 'https://public-api.birdeye.so/defi/token_overview?address=J6pTFsv3baumQ4LcX5hL4socZBXESUrLsACHMJbipump'
For more information check: https://developer.mozilla.org/en-US/docs/Web/HTTP/Status/401
2026-08-10 16:55:45.166 | WARNING  | wallet.keypair:load_keypair:18 - PRIVATE_KEY bo'sh – wallet ishlamaydi
2026-08-10 16:55:45.553 | INFO     | buy.jupiter:sell_token:216 - [PAPER SELL] 463SK47V... → 0.016058 SOL
2026-08-10 16:55:45.555 | INFO     | risk.manager:add_realized_pnl:88 - Daily loss yangilandi: $0.00 (PnL: +0.24)
2026-08-10 16:55:45.557 | INFO     | risk.manager:remove_position:137 - Pozitsiya yopildi: 463SK47VkB7uE7XenTHKiVcMtxRsfNE2X4Q9wByaURVA
2026-08-10 16:55:45.559 | INFO     | ai_engine.learner:_update_weights:93 - AI weights updated after trade (PnL +24.1%)
2026-08-10 16:55:45.560 | INFO     | sell.monitor:close_position:198 - 🟢 SELL TSUKI | take_profit | PnL $+0.24 (+24.1%) | PAPER
2026-08-10 16:55:46.634 | DEBUG    | sell.monitor:check_once:266 - Hold CHILLGUY @ $0.01108000 (+18.2%)
2026-08-10 16:55:47.005 | DEBUG    | scanner.new_pairs:enrich_token:161 - Birdeye overview xato J6pTFsv3baumQ4LcX5hL4socZBXESUrLsACHMJbipump: Client error '401 Unauthorized' for url 'https://public-api.birdeye.so/defi/token_overview?address=J6pTFsv3baumQ4LcX5hL4socZBXESUrLsACHMJbipump'
For more information check: https://developer.mozilla.org/en-US/docs/Web/HTTP/Status/401
2026-08-10 16:55:47.146 | DEBUG    | scanner.new_pairs:scan_once:240 - ❌ Filter o'tmadi J6pTFsv3baumQ4LcX5hL4socZBXESUrLsACHMJbipump: ['Token eski: 89.2 daq > 15']
2026-08-10 16:55:47.599 | WARNING  | wallet.keypair:load_keypair:18 - PRIVATE_KEY bo'sh – wallet ishlamaydi
2026-08-10 16:55:48.068 | INFO     | buy.jupiter:sell_token:216 - [PAPER SELL] 4NBTf8Pf... → 0.016193 SOL
2026-08-10 16:55:48.069 | INFO     | risk.manager:add_realized_pnl:88 - Daily loss yangilandi: $0.00 (PnL: +0.25)
2026-08-10 16:55:48.071 | INFO     | risk.manager:remove_position:137 - Pozitsiya yopildi: 4NBTf8PfLH4oLFnwf3knv46FY9i5oXjDxffCetXRpump
2026-08-10 16:55:48.073 | INFO     | ai_engine.learner:_update_weights:93 - AI weights updated after trade (PnL +25.2%)
2026-08-10 16:55:48.074 | INFO     | sell.monitor:close_position:198 - 🟢 SELL YzY | take_profit | PnL $+0.25 (+25.2%) | PAPER
2026-08-10 16:55:48.178 | WARNING  | utils.retry:<lambda>:19 - Retry 1/3 for get_token_overview: Client error '401 Unauthorized' for url 'https://public-api.birdeye.so/defi/token_overview?address=EAZ8RDezEXbopXJNqEeLZVJXSm7J7yhriB87v3Napump'
For more information check: https://developer.mozilla.org/en-US/docs/Web/HTTP/Status/401
2026-08-10 16:55:48.980 | DEBUG    | sell.monitor:check_once:266 - Hold $WIF @ $0.14400000 (+2.6%)
2026-08-10 16:55:49.297 | WARNING  | utils.retry:<lambda>:19 - Retry 2/3 for get_token_overview: Client error '401 Unauthorized' for url 'https://public-api.birdeye.so/defi/token_overview?address=EAZ8RDezEXbopXJNqEeLZVJXSm7J7yhriB87v3Napump'
For more information check: https://developer.mozilla.org/en-US/docs/Web/HTTP/Status/401
2026-08-10 16:55:49.832 | DEBUG    | sell.monitor:check_once:266 - Hold SOL @ $143.20000000 (+0.0%)
2026-08-10 16:55:50.688 | WARNING  | wallet.keypair:load_keypair:18 - PRIVATE_KEY bo'sh – wallet ishlamaydi
2026-08-10 16:55:51.079 | INFO     | buy.jupiter:sell_token:216 - [PAPER SELL] AYhFJk9Z... → 0.005006 SOL
2026-08-10 16:55:51.080 | INFO     | risk.manager:add_realized_pnl:88 - Daily loss yangilandi: $0.62 (PnL: -0.62)
2026-08-10 16:55:51.082 | INFO     | risk.manager:remove_position:137 - Pozitsiya yopildi: AYhFJk9ZyKN5aCRwrG78iTvuxnrrLp5q4fGfyBM7pump
2026-08-10 16:55:51.083 | INFO     | ai_engine.learner:_update_weights:93 - AI weights updated after trade (PnL -62.2%)
2026-08-10 16:55:51.084 | INFO     | sell.monitor:close_position:198 - 🔴 SELL frank | trailing_stop | PnL $-0.62 (-62.2%) | PAPER
2026-08-10 16:55:51.413 | DEBUG    | scanner.new_pairs:enrich_token:161 - Birdeye overview xato EAZ8RDezEXbopXJNqEeLZVJXSm7J7yhriB87v3Napump: Client error '401 Unauthorized' for url 'https://public-api.birdeye.so/defi/token_overview?address=EAZ8RDezEXbopXJNqEeLZVJXSm7J7yhriB87v3Napump'
For more information check: https://developer.mozilla.org/en-US/docs/Web/HTTP/Status/401
2026-08-10 16:55:51.594 | DEBUG    | scanner.new_pairs:scan_once:240 - ❌ Filter o'tmadi EAZ8RDezEXbopXJNqEeLZVJXSm7J7yhriB87v3Napump: ['Token eski: 156.8 daq > 15']
2026-08-10 16:55:52.554 | DEBUG    | sell.monitor:check_once:266 - Hold JIMMY @ $0.00000178 (-89.8%)
2026-08-10 16:55:52.766 | WARNING  | utils.retry:<lambda>:19 - Retry 1/3 for get_token_overview: Client error '401 Unauthorized' for url 'https://public-api.birdeye.so/defi/token_overview?address=EuqH78MeouJxhBdPsMTuZH6gJJhBg47Ht1fF1ZrZpump'
For more information check: https://developer.mozilla.org/en-US/docs/Web/HTTP/Status/401
2026-08-10 16:55:53.373 | DEBUG    | sell.monitor:check_once:266 - Hold GrokHub @ $0.00000220 (-49.4%)
2026-08-10 16:55:53.905 | WARNING  | utils.retry:<lambda>:19 - Retry 2/3 for get_token_overview: Client error '401 Unauthorized' for url 'https://public-api.birdeye.so/defi/token_overview?address=EuqH78MeouJxhBdPsMTuZH6gJJhBg47Ht1fF1ZrZpump'
For more information check: https://developer.mozilla.org/en-US/docs/Web/HTTP/Status/401
2026-08-10 16:55:54.222 | DEBUG    | sell.monitor:check_once:266 - Hold Hoshi @ $0.00000212 (-94.6%)
2026-08-10 16:55:55.798 | DEBUG    | sell.monitor:check_once:266 - Hold FSH @ $0.00000156 (-91.6%)
2026-08-10 16:55:56.033 | DEBUG    | scanner.new_pairs:enrich_token:161 - Birdeye overview xato EuqH78MeouJxhBdPsMTuZH6gJJhBg47Ht1fF1ZrZpump: Client error '401 Unauthorized' for url 'https://public-api.birdeye.so/defi/token_overview?address=EuqH78MeouJxhBdPsMTuZH6gJJhBg47Ht1fF1ZrZpump'
For more information check: https://developer.mozilla.org/en-US/docs/Web/HTTP/Status/401
2026-08-10 16:55:56.195 | DEBUG    | scanner.new_pairs:scan_once:240 - ❌ Filter o'tmadi EuqH78MeouJxhBdPsMTuZH6gJJhBg47Ht1fF1ZrZpump: ['Token eski: 21.0 daq > 15']
2026-08-10 16:55:57.187 | WARNING  | utils.retry:<lambda>:19 - Retry 1/3 for get_token_overview: Client error '401 Unauthorized' for url 'https://public-api.birdeye.so/defi/token_overview?address=89Fu3PhLR8ApVAm3ABnXkZUtexkR2KHYb6uSVTJzpump'
For more information check: https://developer.mozilla.org/en-US/docs/Web/HTTP/Status/401
2026-08-10 16:55:58.043 | DEBUG    | sell.monitor:check_once:266 - Hold manlet @ $0.00000701 (-88.5%)
2026-08-10 16:55:58.321 | WARNING  | utils.retry:<lambda>:19 - Retry 2/3 for get_token_overview: Client error '401 Unauthorized' for url 'https://public-api.birdeye.so/defi/token_overview?address=89Fu3PhLR8ApVAm3ABnXkZUtexkR2KHYb6uSVTJzpump'
For more information check: https://developer.mozilla.org/en-US/docs/Web/HTTP/Status/401
2026-08-10 16:56:00.174 | DEBUG    | sell.monitor:check_once:266 - Hold DickCoin59 @ $0.00000158 (-13.5%)
2026-08-10 16:56:00.507 | DEBUG    | scanner.new_pairs:enrich_token:161 - Birdeye overview xato 89Fu3PhLR8ApVAm3ABnXkZUtexkR2KHYb6uSVTJzpump: Client error '401 Unauthorized' for url 'https://public-api.birdeye.so/defi/token_overview?address=89Fu3PhLR8ApVAm3ABnXkZUtexkR2KHYb6uSVTJzpump'
For more information check: https://developer.mozilla.org/en-US/docs/Web/HTTP/Status/401
2026-08-10 16:56:00.613 | DEBUG    | scanner.new_pairs:scan_once:240 - ❌ Filter o'tmadi 89Fu3PhLR8ApVAm3ABnXkZUtexkR2KHYb6uSVTJzpump: ['Token eski: 52.5 daq > 15']
2026-08-10 16:56:01.088 | DEBUG    | sell.monitor:check_once:266 - Hold KOHARU @ $0.00000272 (-95.5%)
2026-08-10 16:56:01.682 | WARNING  | utils.retry:<lambda>:19 - Retry 1/3 for get_token_overview: Client error '401 Unauthorized' for url 'https://public-api.birdeye.so/defi/token_overview?address=5NkUjf1VumKhmgDbYaVWunQuihgHNEZ8o44PMisYpump'
For more information check: https://developer.mozilla.org/en-US/docs/Web/HTTP/Status/401
2026-08-10 16:56:02.813 | WARNING  | utils.retry:<lambda>:19 - Retry 2/3 for get_token_overview: Client error '401 Unauthorized' for url 'https://public-api.birdeye.so/defi/token_overview?address=5NkUjf1VumKhmgDbYaVWunQuihgHNEZ8o44PMisYpump'
For more information check: https://developer.mozilla.org/en-US/docs/Web/HTTP/Status/401
2026-08-10 16:56:03.401 | DEBUG    | sell.monitor:check_once:266 - Hold Bully @ $0.00000173 (-50.6%)
2026-08-10 16:56:04.311 | DEBUG    | sell.monitor:check_once:266 - Hold smirk @ $0.00000226 (-56.9%)
2026-08-10 16:56:04.945 | DEBUG    | scanner.new_pairs:enrich_token:161 - Birdeye overview xato 5NkUjf1VumKhmgDbYaVWunQuihgHNEZ8o44PMisYpump: Client error '401 Unauthorized' for url 'https://public-api.birdeye.so/defi/token_overview?address=5NkUjf1VumKhmgDbYaVWunQuihgHNEZ8o44PMisYpump'
For more information check: https://developer.mozilla.org/en-US/docs/Web/HTTP/Status/401
2026-08-10 16:56:05.077 | DEBUG    | scanner.new_pairs:scan_once:240 - ❌ Filter o'tmadi 5NkUjf1VumKhmgDbYaVWunQuihgHNEZ8o44PMisYpump: ['Token eski: 29.6 daq > 15']
2026-08-10 16:56:05.227 | DEBUG    | sell.monitor:check_once:266 - Hold SEAL @ $0.00000240 (-73.4%)
2026-08-10 16:56:06.011 | WARNING  | utils.retry:<lambda>:19 - Retry 1/3 for get_token_overview: Client error '401 Unauthorized' for url 'https://public-api.birdeye.so/defi/token_overview?address=RhEyF8u8LhL9562GbBbQLyy7crw3b2cnjW6QnXCpump'
For more information check: https://developer.mozilla.org/en-US/docs/Web/HTTP/Status/401
2026-08-10 16:56:06.095 | DEBUG    | sell.monitor:check_once:266 - Hold Dinar @ $0.13240000 (+2.6%)
2026-08-10 16:56:06.948 | DEBUG    | sell.monitor:check_once:266 - Hold Ww3 @ $0.00269300 (+3.7%)
2026-08-10 16:56:07.143 | WARNING  | utils.retry:<lambda>:19 - Retry 2/3 for get_token_overview: Client error '401 Unauthorized' for url 'https://public-api.birdeye.so/defi/token_overview?address=RhEyF8u8LhL9562GbBbQLyy7crw3b2cnjW6QnXCpump'
For more information check: https://developer.mozilla.org/en-US/docs/Web/HTTP/Status/401
2026-08-10 16:56:07.853 | DEBUG    | sell.monitor:check_once:266 - Hold EPIK @ $0.00544800 (-4.3%)
2026-08-10 16:56:08.695 | DEBUG    | sell.monitor:check_once:266 - Hold fih @ $0.00963200 (-8.1%)
2026-08-10 16:56:09.276 | DEBUG    | scanner.new_pairs:enrich_token:161 - Birdeye overview xato RhEyF8u8LhL9562GbBbQLyy7crw3b2cnjW6QnXCpump: Client error '401 Unauthorized' for url 'https://public-api.birdeye.so/defi/token_overview?address=RhEyF8u8LhL9562GbBbQLyy7crw3b2cnjW6QnXCpump'
For more information check: https://developer.mozilla.org/en-US/docs/Web/HTTP/Status/401
2026-08-10 16:56:09.427 | WARNING  | blacklist.manager:add:70 - BLACKLIST + RhEyF8u8LhL9... reason=fake_volume (auto)
2026-08-10 16:56:09.427 | DEBUG    | scanner.new_pairs:scan_once:240 - ❌ Filter o'tmadi RhEyF8u8LhL9562GbBbQLyy7crw3b2cnjW6QnXCpump: ['Auto-blacklist: fake_volume']
2026-08-10 16:56:09.575 | DEBUG    | sell.monitor:check_once:266 - Hold CARDS @ $0.13380000 (-7.3%)
2026-08-10 16:56:10.475 | WARNING  | utils.retry:<lambda>:19 - Retry 1/3 for get_token_overview: Client error '401 Unauthorized' for url 'https://public-api.birdeye.so/defi/token_overview?address=GtKP6iQTy7Ey6LrVoSqnnhNEoZyGkxP8AsUVeWE4pump'
For more information check: https://developer.mozilla.org/en-US/docs/Web/HTTP/Status/401
2026-08-10 16:56:11.636 | WARNING  | utils.retry:<lambda>:19 - Retry 2/3 for get_token_overview: Client error '401 Unauthorized' for url 'https://public-api.birdeye.so/defi/token_overview?address=GtKP6iQTy7Ey6LrVoSqnnhNEoZyGkxP8AsUVeWE4pump'
For more information check: https://developer.mozilla.org/en-US/docs/Web/HTTP/Status/401
2026-08-10 16:56:13.751 | DEBUG    | scanner.new_pairs:enrich_token:161 - Birdeye overview xato GtKP6iQTy7Ey6LrVoSqnnhNEoZyGkxP8AsUVeWE4pump: Client error '401 Unauthorized' for url 'https://public-api.birdeye.so/defi/token_overview?address=GtKP6iQTy7Ey6LrVoSqnnhNEoZyGkxP8AsUVeWE4pump'
For more information check: https://developer.mozilla.org/en-US/docs/Web/HTTP/Status/401
2026-08-10 16:56:13.886 | DEBUG    | scanner.new_pairs:scan_once:240 - ❌ Filter o'tmadi GtKP6iQTy7Ey6LrVoSqnnhNEoZyGkxP8AsUVeWE4pump: ['Token eski: 82.1 daq > 15']
2026-08-10 16:56:14.888 | WARNING  | utils.retry:<lambda>:19 - Retry 1/3 for get_token_overview: Client error '401 Unauthorized' for url 'https://public-api.birdeye.so/defi/token_overview?address=CUUxAtrdUsk1cX1cSdWuic4ww1894FVEFMFJb3Unpump'
For more information check: https://developer.mozilla.org/en-US/docs/Web/HTTP/Status/401
2026-08-10 16:56:16.021 | WARNING  | utils.retry:<lambda>:19 - Retry 2/3 for get_token_overview: Client error '401 Unauthorized' for url 'https://public-api.birdeye.so/defi/token_overview?address=CUUxAtrdUsk1cX1cSdWuic4ww1894FVEFMFJb3Unpump'
For more information check: https://developer.mozilla.org/en-US/docs/Web/HTTP/Status/401
2026-08-10 16:56:18.134 | DEBUG    | scanner.new_pairs:enrich_token:161 - Birdeye overview xato CUUxAtrdUsk1cX1cSdWuic4ww1894FVEFMFJb3Unpump: Client error '401 Unauthorized' for url 'https://public-api.birdeye.so/defi/token_overview?address=CUUxAtrdUsk1cX1cSdWuic4ww1894FVEFMFJb3Unpump'
For more information check: https://developer.mozilla.org/en-US/docs/Web/HTTP/Status/401
2026-08-10 16:56:18.351 | DEBUG    | scanner.new_pairs:scan_once:240 - ❌ Filter o'tmadi CUUxAtrdUsk1cX1cSdWuic4ww1894FVEFMFJb3Unpump: ['Token eski: 28.1 daq > 15']
2026-08-10 16:56:19.506 | WARNING  | utils.retry:<lambda>:19 - Retry 1/3 for get_token_overview: Client error '401 Unauthorized' for url 'https://public-api.birdeye.so/defi/token_overview?address=Ck3wdXHDBgN37KaDqUegUMxSanYsjjuzZTXUPw3Zpump'
For more information check: https://developer.mozilla.org/en-US/docs/Web/HTTP/Status/401
2026-08-10 16:56:20.636 | WARNING  | utils.retry:<lambda>:19 - Retry 2/3 for get_token_overview: Client error '401 Unauthorized' for url 'https://public-api.birdeye.so/defi/token_overview?address=Ck3wdXHDBgN37KaDqUegUMxSanYsjjuzZTXUPw3Zpump'
For more information check: https://developer.mozilla.org/en-US/docs/Web/HTTP/Status/401
2026-08-10 16:56:22.758 | DEBUG    | scanner.new_pairs:enrich_token:161 - Birdeye overview xato Ck3wdXHDBgN37KaDqUegUMxSanYsjjuzZTXUPw3Zpump: Client error '401 Unauthorized' for url 'https://public-api.birdeye.so/defi/token_overview?address=Ck3wdXHDBgN37KaDqUegUMxSanYsjjuzZTXUPw3Zpump'
For more information check: https://developer.mozilla.org/en-US/docs/Web/HTTP/Status/401
2026-08-10 16:56:22.890 | DEBUG    | scanner.new_pairs:scan_once:240 - ❌ Filter o'tmadi Ck3wdXHDBgN37KaDqUegUMxSanYsjjuzZTXUPw3Zpump: ['Token eski: 18.7 daq > 15']
2026-08-10 16:56:23.942 | WARNING  | utils.retry:<lambda>:19 - Retry 1/3 for get_token_overview: Client error '401 Unauthorized' for url 'https://public-api.birdeye.so/defi/token_overview?address=FJKQKY3iFw1heRRRJFeJ4dqpJwo7HRxKnRVwrRt4pump'
For more information check: https://developer.mozilla.org/en-US/docs/Web/HTTP/Status/401
2026-08-10 16:56:25.158 | WARNING  | utils.retry:<lambda>:19 - Retry 2/3 for get_token_overview: Client error '401 Unauthorized' for url 'https://public-api.birdeye.so/defi/token_overview?address=FJKQKY3iFw1heRRRJFeJ4dqpJwo7HRxKnRVwrRt4pump'
For more information check: https://developer.mozilla.org/en-US/docs/Web/HTTP/Status/401
2026-08-10 16:56:25.726 | DEBUG    | sell.monitor:check_once:266 - Hold GEOD @ $0.18050000 (-10.9%)
2026-08-10 16:56:26.546 | DEBUG    | sell.monitor:check_once:266 - Hold PBTC @ $0.15350000 (+4.9%)
2026-08-10 16:56:27.374 | DEBUG    | scanner.new_pairs:enrich_token:161 - Birdeye overview xato FJKQKY3iFw1heRRRJFeJ4dqpJwo7HRxKnRVwrRt4pump: Client error '401 Unauthorized' for url 'https://public-api.birdeye.so/defi/token_overview?address=FJKQKY3iFw1heRRRJFeJ4dqpJwo7HRxKnRVwrRt4pump'
For more information check: https://developer.mozilla.org/en-US/docs/Web/HTTP/Status/401
2026-08-10 16:56:27.400 | DEBUG    | sell.monitor:check_once:266 - Hold GIGA @ $0.00201200 (+5.1%)
2026-08-10 16:56:27.527 | DEBUG    | scanner.new_pairs:scan_once:240 - ❌ Filter o'tmadi FJKQKY3iFw1heRRRJFeJ4dqpJwo7HRxKnRVwrRt4pump: ['Token eski: 44.8 daq > 15']
2026-08-10 16:56:28.580 | DEBUG    | sell.monitor:check_once:266 - Hold POPCAT @ $0.04475000 (-0.7%)
2026-08-10 16:56:28.701 | WARNING  | utils.retry:<lambda>:19 - Retry 1/3 for get_token_overview: Client error '401 Unauthorized' for url 'https://public-api.birdeye.so/defi/token_overview?address=Go5qomBMeUUR2qfGQbnxcVvv4D5gXuir36hpUce4pump'
For more information check: https://developer.mozilla.org/en-US/docs/Web/HTTP/Status/401
2026-08-10 16:56:29.496 | DEBUG    | sell.monitor:check_once:266 - Hold SHIB @ $0.00072180 (+1.3%)
2026-08-10 16:56:29.882 | WARNING  | utils.retry:<lambda>:19 - Retry 2/3 for get_token_overview: Client error '401 Unauthorized' for url 'https://public-api.birdeye.so/defi/token_overview?address=Go5qomBMeUUR2qfGQbnxcVvv4D5gXuir36hpUce4pump'
For more information check: https://developer.mozilla.org/en-US/docs/Web/HTTP/Status/401
2026-08-10 16:56:30.398 | DEBUG    | sell.monitor:check_once:266 - Hold CHILLGUY @ $0.01108000 (+18.2%)
2026-08-10 16:56:31.237 | DEBUG    | sell.monitor:check_once:266 - Hold $WIF @ $0.14400000 (+2.6%)
2026-08-10 16:56:32.087 | DEBUG    | scanner.new_pairs:enrich_token:161 - Birdeye overview xato Go5qomBMeUUR2qfGQbnxcVvv4D5gXuir36hpUce4pump: Client error '401 Unauthorized' for url 'https://public-api.birdeye.so/defi/token_overview?address=Go5qomBMeUUR2qfGQbnxcVvv4D5gXuir36hpUce4pump'
For more information check: https://developer.mozilla.org/en-US/docs/Web/HTTP/Status/401
2026-08-10 16:56:32.096 | DEBUG    | sell.monitor:check_once:266 - Hold SOL @ $143.20000000 (+0.0%)
2026-08-10 16:56:32.194 | DEBUG    | scanner.new_pairs:scan_once:240 - ❌ Filter o'tmadi Go5qomBMeUUR2qfGQbnxcVvv4D5gXuir36hpUce4pump: ['Token eski: 68.0 daq > 15']
2026-08-10 16:56:33.172 | WARNING  | utils.retry:<lambda>:19 - Retry 1/3 for get_token_overview: Client error '401 Unauthorized' for url 'https://public-api.birdeye.so/defi/token_overview?address=k99xd5asJS5fjA7rx1r3ruYztbGuPcTZ6QzHAmMpump'
For more information check: https://developer.mozilla.org/en-US/docs/Web/HTTP/Status/401
2026-08-10 16:56:33.674 | DEBUG    | sell.monitor:check_once:266 - Hold JIMMY @ $0.00000178 (-89.8%)
2026-08-10 16:56:34.298 | WARNING  | utils.retry:<lambda>:19 - Retry 2/3 for get_token_overview: Client error '401 Unauthorized' for url 'https://public-api.birdeye.so/defi/token_overview?address=k99xd5asJS5fjA7rx1r3ruYztbGuPcTZ6QzHAmMpump'
For more information check: https://developer.mozilla.org/en-US/docs/Web/HTTP/Status/401
2026-08-10 16:56:34.589 | DEBUG    | sell.monitor:check_once:266 - Hold GrokHub @ $0.00000220 (-49.4%)
2026-08-10 16:56:35.437 | DEBUG    | sell.monitor:check_once:266 - Hold Hoshi @ $0.00000212 (-94.6%)
2026-08-10 16:56:36.422 | DEBUG    | scanner.new_pairs:enrich_token:161 - Birdeye overview xato k99xd5asJS5fjA7rx1r3ruYztbGuPcTZ6QzHAmMpump: Client error '401 Unauthorized' for url 'https://public-api.birdeye.so/defi/token_overview?address=k99xd5asJS5fjA7rx1r3ruYztbGuPcTZ6QzHAmMpump'
For more information check: https://developer.mozilla.org/en-US/docs/Web/HTTP/Status/401
2026-08-10 16:56:36.554 | DEBUG    | scanner.new_pairs:scan_once:240 - ❌ Filter o'tmadi k99xd5asJS5fjA7rx1r3ruYztbGuPcTZ6QzHAmMpump: ['Token eski: 60.0 daq > 15']
2026-08-10 16:56:36.890 | DEBUG    | sell.monitor:check_once:266 - Hold FSH @ $0.00000156 (-91.6%)
2026-08-10 16:56:37.575 | WARNING  | utils.retry:<lambda>:19 - Retry 1/3 for get_token_overview: Client error '401 Unauthorized' for url 'https://public-api.birdeye.so/defi/token_overview?address=5z4TTVYWc4yjs2vZkxq2bzej1MiyZRCAQRtqcA2ipump'
For more information check: https://developer.mozilla.org/en-US/docs/Web/HTTP/Status/401
2026-08-10 16:56:38.779 | WARNING  | utils.retry:<lambda>:19 - Retry 2/3 for get_token_overview: Client error '401 Unauthorized' for url 'https://public-api.birdeye.so/defi/token_overview?address=5z4TTVYWc4yjs2vZkxq2bzej1MiyZRCAQRtqcA2ipump'
For more information check: https://developer.mozilla.org/en-US/docs/Web/HTTP/Status/401
2026-08-10 16:56:39.144 | DEBUG    | sell.monitor:check_once:266 - Hold manlet @ $0.00000701 (-88.5%)
2026-08-10 16:56:40.896 | DEBUG    | scanner.new_pairs:enrich_token:161 - Birdeye overview xato 5z4TTVYWc4yjs2vZkxq2bzej1MiyZRCAQRtqcA2ipump: Client error '401 Unauthorized' for url 'https://public-api.birdeye.so/defi/token_overview?address=5z4TTVYWc4yjs2vZkxq2bzej1MiyZRCAQRtqcA2ipump'
For more information check: https://developer.mozilla.org/en-US/docs/Web/HTTP/Status/401
2026-08-10 16:56:41.003 | DEBUG    | scanner.new_pairs:scan_once:240 - ❌ Filter o'tmadi 5z4TTVYWc4yjs2vZkxq2bzej1MiyZRCAQRtqcA2ipump: ['Token eski: 81.9 daq > 15']
2026-08-10 16:56:41.142 | DEBUG    | sell.monitor:check_once:266 - Hold DickCoin59 @ $0.00000158 (-13.5%)
2026-08-10 16:56:42.058 | WARNING  | utils.retry:<lambda>:19 - Retry 1/3 for get_token_overview: Client error '401 Unauthorized' for url 'https://public-api.birdeye.so/defi/token_overview?address=8Bq4XvNTgGTjkZxtU9hsxPnVabtJsKJ7bj2Cq1r1pump'
For more information check: https://developer.mozilla.org/en-US/docs/Web/HTTP/Status/401
2026-08-10 16:56:42.064 | DEBUG    | sell.monitor:check_once:266 - Hold KOHARU @ $0.00000272 (-95.5%)
2026-08-10 16:56:43.177 | WARNING  | utils.retry:<lambda>:19 - Retry 2/3 for get_token_overview: Client error '401 Unauthorized' for url 'https://public-api.birdeye.so/defi/token_overview?address=8Bq4XvNTgGTjkZxtU9hsxPnVabtJsKJ7bj2Cq1r1pump'
For more information check: https://developer.mozilla.org/en-US/docs/Web/HTTP/Status/401
2026-08-10 16:56:44.171 | DEBUG    | sell.monitor:check_once:266 - Hold Bully @ $0.00000173 (-50.6%)
2026-08-10 16:56:45.077 | DEBUG    | sell.monitor:check_once:266 - Hold smirk @ $0.00000226 (-56.9%)
2026-08-10 16:56:45.296 | DEBUG    | scanner.new_pairs:enrich_token:161 - Birdeye overview xato 8Bq4XvNTgGTjkZxtU9hsxPnVabtJsKJ7bj2Cq1r1pump: Client error '401 Unauthorized' for url 'https://public-api.birdeye.so/defi/token_overview?address=8Bq4XvNTgGTjkZxtU9hsxPnVabtJsKJ7bj2Cq1r1pump'
For more information check: https://developer.mozilla.org/en-US/docs/Web/HTTP/Status/401
2026-08-10 16:56:45.429 | DEBUG    | scanner.new_pairs:scan_once:240 - ❌ Filter o'tmadi 8Bq4XvNTgGTjkZxtU9hsxPnVabtJsKJ7bj2Cq1r1pump: ['Token eski: 75.5 daq > 15']
2026-08-10 16:56:45.946 | DEBUG    | sell.monitor:check_once:266 - Hold SEAL @ $0.00000240 (-73.4%)
2026-08-10 16:56:46.492 | WARNING  | utils.retry:<lambda>:19 - Retry 1/3 for get_token_overview: Client error '401 Unauthorized' for url 'https://public-api.birdeye.so/defi/token_overview?address=57fE2eKbacgXMbC84MXYEZpMAj9cqCXisCVtUsYepump'
For more information check: https://developer.mozilla.org/en-US/docs/Web/HTTP/Status/401
2026-08-10 16:56:46.777 | DEBUG    | sell.monitor:check_once:266 - Hold Dinar @ $0.13240000 (+2.6%)
2026-08-10 16:56:47.694 | WARNING  | utils.retry:<lambda>:19 - Retry 2/3 for get_token_overview: Client error '401 Unauthorized' for url 'https://public-api.birdeye.so/defi/token_overview?address=57fE2eKbacgXMbC84MXYEZpMAj9cqCXisCVtUsYepump'
For more information check: https://developer.mozilla.org/en-US/docs/Web/HTTP/Status/401
2026-08-10 16:56:47.701 | DEBUG    | sell.monitor:check_once:266 - Hold Ww3 @ $0.00269300 (+3.7%)
2026-08-10 16:56:48.650 | DEBUG    | sell.monitor:check_once:266 - Hold EPIK @ $0.00544800 (-4.3%)
2026-08-10 16:56:49.590 | DEBUG    | sell.monitor:check_once:266 - Hold fih @ $0.00964300 (-8.0%)
2026-08-10 16:56:49.895 | DEBUG    | scanner.new_pairs:enrich_token:161 - Birdeye overview xato 57fE2eKbacgXMbC84MXYEZpMAj9cqCXisCVtUsYepump: Client error '401 Unauthorized' for url 'https://public-api.birdeye.so/defi/token_overview?address=57fE2eKbacgXMbC84MXYEZpMAj9cqCXisCVtUsYepump'
For more information check: https://developer.mozilla.org/en-US/docs/Web/HTTP/Status/401
2026-08-10 16:56:49.997 | DEBUG    | scanner.new_pairs:scan_once:240 - ❌ Filter o'tmadi 57fE2eKbacgXMbC84MXYEZpMAj9cqCXisCVtUsYepump: ['Token eski: 24445.2 daq > 15']
2026-08-10 16:56:50.721 | DEBUG    | sell.monitor:check_once:266 - Hold CARDS @ $0.13380000 (-7.3%)
2026-08-10 16:56:51.017 | WARNING  | utils.retry:<lambda>:19 - Retry 1/3 for get_token_overview: Client error '401 Unauthorized' for url 'https://public-api.birdeye.so/defi/token_overview?address=4iNSX29UBMc27jSLfUneeECAWo4oCkFKqR3BhBv5pump'
For more information check: https://developer.mozilla.org/en-US/docs/Web/HTTP/Status/401
2026-08-10 16:56:52.142 | WARNING  | utils.retry:<lambda>:19 - Retry 2/3 for get_token_overview: Client error '401 Unauthorized' for url 'https://public-api.birdeye.so/defi/token_overview?address=4iNSX29UBMc27jSLfUneeECAWo4oCkFKqR3BhBv5pump'
For more information check: https://developer.mozilla.org/en-US/docs/Web/HTTP/Status/401
2026-08-10 16:56:54.259 | DEBUG    | scanner.new_pairs:enrich_token:161 - Birdeye overview xato 4iNSX29UBMc27jSLfUneeECAWo4oCkFKqR3BhBv5pump: Client error '401 Unauthorized' for url 'https://public-api.birdeye.so/defi/token_overview?address=4iNSX29UBMc27jSLfUneeECAWo4oCkFKqR3BhBv5pump'
For more information check: https://developer.mozilla.org/en-US/docs/Web/HTTP/Status/401
2026-08-10 16:56:54.364 | DEBUG    | scanner.new_pairs:scan_once:240 - ❌ Filter o'tmadi 4iNSX29UBMc27jSLfUneeECAWo4oCkFKqR3BhBv5pump: ['Token eski: 615345.9 daq > 15']
2026-08-10 16:56:55.258 | WARNING  | utils.retry:<lambda>:19 - Retry 1/3 for get_token_overview: Client error '401 Unauthorized' for url 'https://public-api.birdeye.so/defi/token_overview?address=Ar1MbX1Gp9qFkGiSGmw3cLNRZBRciEpyBc5vgSGbpump'
For more information check: https://developer.mozilla.org/en-US/docs/Web/HTTP/Status/401
2026-08-10 16:56:56.387 | WARNING  | utils.retry:<lambda>:19 - Retry 2/3 for get_token_overview: Client error '401 Unauthorized' for url 'https://public-api.birdeye.so/defi/token_overview?address=Ar1MbX1Gp9qFkGiSGmw3cLNRZBRciEpyBc5vgSGbpump'
For more information check: https://developer.mozilla.org/en-US/docs/Web/HTTP/Status/401
2026-08-10 16:56:58.521 | DEBUG    | scanner.new_pairs:enrich_token:161 - Birdeye overview xato Ar1MbX1Gp9qFkGiSGmw3cLNRZBRciEpyBc5vgSGbpump: Client error '401 Unauthorized' for url 'https://public-api.birdeye.so/defi/token_overview?address=Ar1MbX1Gp9qFkGiSGmw3cLNRZBRciEpyBc5vgSGbpump'
For more information check: https://developer.mozilla.org/en-US/docs/Web/HTTP/Status/401
2026-08-10 16:56:58.703 | WARNING  | blacklist.manager:add:70 - BLACKLIST + Ar1MbX1Gp9qF... reason=fake_volume (auto)
2026-08-10 16:56:58.704 | DEBUG    | scanner.new_pairs:scan_once:240 - ❌ Filter o'tmadi Ar1MbX1Gp9qFkGiSGmw3cLNRZBRciEpyBc5vgSGbpump: ['Auto-blacklist: fake_volume']
2026-08-10 16:56:59.751 | WARNING  | utils.retry:<lambda>:19 - Retry 1/3 for get_token_overview: Client error '401 Unauthorized' for url 'https://public-api.birdeye.so/defi/token_overview?address=HJQiCTSi5KtEMK6L8C3WH7RP9UdoikfEVjwnQjrGpump'
For more information check: https://developer.mozilla.org/en-US/docs/Web/HTTP/Status/401
2026-08-10 16:57:00.905 | WARNING  | utils.retry:<lambda>:19 - Retry 2/3 for get_token_overview: Client error '401 Unauthorized' for url 'https://public-api.birdeye.so/defi/token_overview?address=HJQiCTSi5KtEMK6L8C3WH7RP9UdoikfEVjwnQjrGpump'
For more information check: https://developer.mozilla.org/en-US/docs/Web/HTTP/Status/401
2026-08-10 16:57:03.038 | DEBUG    | scanner.new_pairs:enrich_token:161 - Birdeye overview xato HJQiCTSi5KtEMK6L8C3WH7RP9UdoikfEVjwnQjrGpump: Client error '401 Unauthorized' for url 'https://public-api.birdeye.so/defi/token_overview?address=HJQiCTSi5KtEMK6L8C3WH7RP9UdoikfEVjwnQjrGpump'
For more information check: https://developer.mozilla.org/en-US/docs/Web/HTTP/Status/401
2026-08-10 16:57:03.146 | WARNING  | blacklist.manager:add:70 - BLACKLIST + HJQiCTSi5KtE... reason=fake_volume (auto)
2026-08-10 16:57:03.147 | DEBUG    | scanner.new_pairs:scan_once:240 - ❌ Filter o'tmadi HJQiCTSi5KtEMK6L8C3WH7RP9UdoikfEVjwnQjrGpump: ['Auto-blacklist: fake_volume']
2026-08-10 16:57:04.056 | WARNING  | utils.retry:<lambda>:19 - Retry 1/3 for get_token_overview: Client error '401 Unauthorized' for url 'https://public-api.birdeye.so/defi/token_overview?address=FBNR6QBNnNYHmY9u2LUSi9UsTYHrPWjqft5ECxHnpump'
For more information check: https://developer.mozilla.org/en-US/docs/Web/HTTP/Status/401
2026-08-10 16:57:05.177 | WARNING  | utils.retry:<lambda>:19 - Retry 2/3 for get_token_overview: Client error '401 Unauthorized' for url 'https://public-api.birdeye.so/defi/token_overview?address=FBNR6QBNnNYHmY9u2LUSi9UsTYHrPWjqft5ECxHnpump'
For more information check: https://developer.mozilla.org/en-US/docs/Web/HTTP/Status/401
2026-08-10 16:57:06.868 | DEBUG    | sell.monitor:check_once:266 - Hold GEOD @ $0.18050000 (-10.9%)
2026-08-10 16:57:07.307 | DEBUG    | scanner.new_pairs:enrich_token:161 - Birdeye overview xato FBNR6QBNnNYHmY9u2LUSi9UsTYHrPWjqft5ECxHnpump: Client error '401 Unauthorized' for url 'https://public-api.birdeye.so/defi/token_overview?address=FBNR6QBNnNYHmY9u2LUSi9UsTYHrPWjqft5ECxHnpump'
For more information check: https://developer.mozilla.org/en-US/docs/Web/HTTP/Status/401
2026-08-10 16:57:07.415 | DEBUG    | scanner.new_pairs:scan_once:240 - ❌ Filter o'tmadi FBNR6QBNnNYHmY9u2LUSi9UsTYHrPWjqft5ECxHnpump: ['Token eski: 86.8 daq > 15']
2026-08-10 16:57:07.844 | DEBUG    | sell.monitor:check_once:266 - Hold PBTC @ $0.15350000 (+4.9%)
2026-08-10 16:57:08.472 | WARNING  | utils.retry:<lambda>:19 - Retry 1/3 for get_token_overview: Client error '401 Unauthorized' for url 'https://public-api.birdeye.so/defi/token_overview?address=szFVn9PUQxvN76jMn2YRzdsLWJyLtJbKfNfyrZFpump'
For more information check: https://developer.mozilla.org/en-US/docs/Web/HTTP/Status/401
2026-08-10 16:57:09.078 | DEBUG    | sell.monitor:check_once:266 - Hold GIGA @ $0.00201200 (+5.1%)
2026-08-10 16:57:09.602 | WARNING  | utils.retry:<lambda>:19 - Retry 2/3 for get_token_overview: Client error '401 Unauthorized' for url 'https://public-api.birdeye.so/defi/token_overview?address=szFVn9PUQxvN76jMn2YRzdsLWJyLtJbKfNfyrZFpump'
For more information check: https://developer.mozilla.org/en-US/docs/Web/HTTP/Status/401
2026-08-10 16:57:10.042 | DEBUG    | sell.monitor:check_once:266 - Hold POPCAT @ $0.04480000 (-0.6%)
2026-08-10 16:57:11.076 | DEBUG    | sell.monitor:check_once:266 - Hold SHIB @ $0.00072180 (+1.3%)
2026-08-10 16:57:11.811 | DEBUG    | scanner.new_pairs:enrich_token:161 - Birdeye overview xato szFVn9PUQxvN76jMn2YRzdsLWJyLtJbKfNfyrZFpump: Client error '401 Unauthorized' for url 'https://public-api.birdeye.so/defi/token_overview?address=szFVn9PUQxvN76jMn2YRzdsLWJyLtJbKfNfyrZFpump'
For more information check: https://developer.mozilla.org/en-US/docs/Web/HTTP/Status/401
2026-08-10 16:57:11.954 | DEBUG    | scanner.new_pairs:scan_once:240 - ❌ Filter o'tmadi szFVn9PUQxvN76jMn2YRzdsLWJyLtJbKfNfyrZFpump: ['Token eski: 101.2 daq > 15']
2026-08-10 16:57:12.057 | DEBUG    | sell.monitor:check_once:266 - Hold CHILLGUY @ $0.01108000 (+18.2%)
2026-08-10 16:57:13.057 | WARNING  | utils.retry:<lambda>:19 - Retry 1/3 for get_token_overview: Client error '401 Unauthorized' for url 'https://public-api.birdeye.so/defi/token_overview?address=13H4WJvGEg4xrrBwWn2vsQgz7xhmhxgNdw19i1QsxPX9'
For more information check: https://developer.mozilla.org/en-US/docs/Web/HTTP/Status/401
2026-08-10 16:57:13.179 | DEBUG    | sell.monitor:check_once:266 - Hold $WIF @ $0.14400000 (+2.6%)
2026-08-10 16:57:14.125 | DEBUG    | sell.monitor:check_once:266 - Hold SOL @ $143.20000000 (+0.0%)
2026-08-10 16:57:14.173 | WARNING  | utils.retry:<lambda>:19 - Retry 2/3 for get_token_overview: Client error '401 Unauthorized' for url 'https://public-api.birdeye.so/defi/token_overview?address=13H4WJvGEg4xrrBwWn2vsQgz7xhmhxgNdw19i1QsxPX9'
For more information check: https://developer.mozilla.org/en-US/docs/Web/HTTP/Status/401
2026-08-10 16:57:16.302 | DEBUG    | scanner.new_pairs:enrich_token:161 - Birdeye overview xato 13H4WJvGEg4xrrBwWn2vsQgz7xhmhxgNdw19i1QsxPX9: Client error '401 Unauthorized' for url 'https://public-api.birdeye.so/defi/token_overview?address=13H4WJvGEg4xrrBwWn2vsQgz7xhmhxgNdw19i1QsxPX9'
For more information check: https://developer.mozilla.org/en-US/docs/Web/HTTP/Status/401
2026-08-10 16:57:16.436 | DEBUG    | scanner.new_pairs:scan_once:240 - ❌ Filter o'tmadi 13H4WJvGEg4xrrBwWn2vsQgz7xhmhxgNdw19i1QsxPX9: ['Token eski: 46556.4 daq > 15']
2026-08-10 16:57:17.087 | DEBUG    | sell.monitor:check_once:266 - Hold JIMMY @ $0.00000178 (-89.8%)
2026-08-10 16:57:17.410 | WARNING  | utils.retry:<lambda>:19 - Retry 1/3 for get_token_overview: Client error '401 Unauthorized' for url 'https://public-api.birdeye.so/defi/token_overview?address=6GmAFSYs4gk3FDao5FzzySQpPZaWsa4rUJHacpMpUNgx'
For more information check: https://developer.mozilla.org/en-US/docs/Web/HTTP/Status/401
2026-08-10 16:57:18.140 | DEBUG    | sell.monitor:check_once:266 - Hold GrokHub @ $0.00000220 (-49.4%)
2026-08-10 16:57:18.623 | WARNING  | utils.retry:<lambda>:19 - Retry 2/3 for get_token_overview: Client error '401 Unauthorized' for url 'https://public-api.birdeye.so/defi/token_overview?address=6GmAFSYs4gk3FDao5FzzySQpPZaWsa4rUJHacpMpUNgx'
For more information check: https://developer.mozilla.org/en-US/docs/Web/HTTP/Status/401
2026-08-10 16:57:19.151 | DEBUG    | sell.monitor:check_once:266 - Hold Hoshi @ $0.00000212 (-94.6%)
2026-08-10 16:57:20.748 | DEBUG    | scanner.new_pairs:enrich_token:161 - Birdeye overview xato 6GmAFSYs4gk3FDao5FzzySQpPZaWsa4rUJHacpMpUNgx: Client error '401 Unauthorized' for url 'https://public-api.birdeye.so/defi/token_overview?address=6GmAFSYs4gk3FDao5FzzySQpPZaWsa4rUJHacpMpUNgx'
For more information check: https://developer.mozilla.org/en-US/docs/Web/HTTP/Status/401
2026-08-10 16:57:20.879 | DEBUG    | scanner.new_pairs:scan_once:240 - ❌ Filter o'tmadi 6GmAFSYs4gk3FDao5FzzySQpPZaWsa4rUJHacpMpUNgx: ['Token eski: 25490.1 daq > 15']
2026-08-10 16:57:21.045 | DEBUG    | sell.monitor:check_once:266 - Hold FSH @ $0.00000156 (-91.6%)
2026-08-10 16:57:21.894 | WARNING  | utils.retry:<lambda>:19 - Retry 1/3 for get_token_overview: Client error '401 Unauthorized' for url 'https://public-api.birdeye.so/defi/token_overview?address=ukHH6c7mMyiWCf1b9pnWe25TSpkDDt3H5pQZgZ74J82'
For more information check: https://developer.mozilla.org/en-US/docs/Web/HTTP/Status/401
2026-08-10 16:57:23.023 | WARNING  | utils.retry:<lambda>:19 - Retry 2/3 for get_token_overview: Client error '401 Unauthorized' for url 'https://public-api.birdeye.so/defi/token_overview?address=ukHH6c7mMyiWCf1b9pnWe25TSpkDDt3H5pQZgZ74J82'
For more information check: https://developer.mozilla.org/en-US/docs/Web/HTTP/Status/401
2026-08-10 16:57:23.919 | DEBUG    | sell.monitor:check_once:266 - Hold manlet @ $0.00000701 (-88.5%)
2026-08-10 16:57:25.137 | DEBUG    | scanner.new_pairs:enrich_token:161 - Birdeye overview xato ukHH6c7mMyiWCf1b9pnWe25TSpkDDt3H5pQZgZ74J82: Client error '401 Unauthorized' for url 'https://public-api.birdeye.so/defi/token_overview?address=ukHH6c7mMyiWCf1b9pnWe25TSpkDDt3H5pQZgZ74J82'
For more information check: https://developer.mozilla.org/en-US/docs/Web/HTTP/Status/401
2026-08-10 16:57:25.269 | DEBUG    | scanner.new_pairs:scan_once:240 - ❌ Filter o'tmadi ukHH6c7mMyiWCf1b9pnWe25TSpkDDt3H5pQZgZ74J82: ['Token eski: 1266030.6 daq > 15']
2026-08-10 16:57:26.358 | WARNING  | utils.retry:<lambda>:19 - Retry 1/3 for get_token_overview: Client error '401 Unauthorized' for url 'https://public-api.birdeye.so/defi/token_overview?address=4N4DnNo3qpPks9aQCkcWkzoir8tnvT6diS4TnnZibonk'
For more information check: https://developer.mozilla.org/en-US/docs/Web/HTTP/Status/401
2026-08-10 16:57:27.537 | WARNING  | utils.retry:<lambda>:19 - Retry 2/3 for get_token_overview: Client error '401 Unauthorized' for url 'https://public-api.birdeye.so/defi/token_overview?address=4N4DnNo3qpPks9aQCkcWkzoir8tnvT6diS4TnnZibonk'
For more information check: https://developer.mozilla.org/en-US/docs/Web/HTTP/Status/401
2026-08-10 16:57:27.836 | DEBUG    | sell.monitor:check_once:266 - Hold DickCoin59 @ $0.00000158 (-13.5%)
2026-08-10 16:57:28.886 | DEBUG    | sell.monitor:check_once:266 - Hold KOHARU @ $0.00000272 (-95.5%)
2026-08-10 16:57:29.758 | DEBUG    | scanner.new_pairs:enrich_token:161 - Birdeye overview xato 4N4DnNo3qpPks9aQCkcWkzoir8tnvT6diS4TnnZibonk: Client error '401 Unauthorized' for url 'https://public-api.birdeye.so/defi/token_overview?address=4N4DnNo3qpPks9aQCkcWkzoir8tnvT6diS4TnnZibonk'
For more information check: https://developer.mozilla.org/en-US/docs/Web/HTTP/Status/401
2026-08-10 16:57:29.864 | DEBUG    | scanner.new_pairs:scan_once:240 - ❌ Filter o'tmadi 4N4DnNo3qpPks9aQCkcWkzoir8tnvT6diS4TnnZibonk: ['Token eski: 448883.3 daq > 15']
2026-08-10 16:57:30.827 | WARNING  | utils.retry:<lambda>:19 - Retry 1/3 for get_token_overview: Client error '401 Unauthorized' for url 'https://public-api.birdeye.so/defi/token_overview?address=pumpCmXqMfrsAkQ5r49WcJnRayYRqmXz6ae8H7H9Dfn'
For more information check: https://developer.mozilla.org/en-US/docs/Web/HTTP/Status/401
2026-08-10 16:57:31.733 | DEBUG    | sell.monitor:check_once:266 - Hold Bully @ $0.00000173 (-50.6%)
2026-08-10 16:57:31.965 | WARNING  | utils.retry:<lambda>:19 - Retry 2/3 for get_token_overview: Client error '401 Unauthorized' for url 'https://public-api.birdeye.so/defi/token_overview?address=pumpCmXqMfrsAkQ5r49WcJnRayYRqmXz6ae8H7H9Dfn'
For more information check: https://developer.mozilla.org/en-US/docs/Web/HTTP/Status/401
2026-08-10 16:57:32.783 | DEBUG    | sell.monitor:check_once:266 - Hold smirk @ $0.00000226 (-56.9%)
2026-08-10 16:57:33.848 | DEBUG    | sell.monitor:check_once:266 - Hold SEAL @ $0.00000240 (-73.4%)
2026-08-10 16:57:34.097 | DEBUG    | scanner.new_pairs:enrich_token:161 - Birdeye overview xato pumpCmXqMfrsAkQ5r49WcJnRayYRqmXz6ae8H7H9Dfn: Client error '401 Unauthorized' for url 'https://public-api.birdeye.so/defi/token_overview?address=pumpCmXqMfrsAkQ5r49WcJnRayYRqmXz6ae8H7H9Dfn'
For more information check: https://developer.mozilla.org/en-US/docs/Web/HTTP/Status/401
2026-08-10 16:57:34.229 | DEBUG    | scanner.new_pairs:scan_once:240 - ❌ Filter o'tmadi pumpCmXqMfrsAkQ5r49WcJnRayYRqmXz6ae8H7H9Dfn: ['Token eski: 564181.8 daq > 15']
2026-08-10 16:57:34.957 | DEBUG    | sell.monitor:check_once:266 - Hold Dinar @ $0.13240000 (+2.6%)
2026-08-10 16:57:35.230 | WARNING  | utils.retry:<lambda>:19 - Retry 1/3 for get_token_overview: Client error '401 Unauthorized' for url 'https://public-api.birdeye.so/defi/token_overview?address=4kjruqGHDsSqkMdFfCjV7Vb62HPFhtXyWc2t6JpQzDnz'
For more information check: https://developer.mozilla.org/en-US/docs/Web/HTTP/Status/401
2026-08-10 16:57:36.055 | DEBUG    | sell.monitor:check_once:266 - Hold Ww3 @ $0.00269300 (+3.7%)
2026-08-10 16:57:36.463 | WARNING  | utils.retry:<lambda>:19 - Retry 2/3 for get_token_overview: Client error '401 Unauthorized' for url 'https://public-api.birdeye.so/defi/token_overview?address=4kjruqGHDsSqkMdFfCjV7Vb62HPFhtXyWc2t6JpQzDnz'
For more information check: https://developer.mozilla.org/en-US/docs/Web/HTTP/Status/401
2026-08-10 16:57:37.201 | DEBUG    | sell.monitor:check_once:266 - Hold EPIK @ $0.00544800 (-4.3%)
2026-08-10 16:57:38.264 | DEBUG    | sell.monitor:check_once:266 - Hold fih @ $0.00964700 (-7.9%)
2026-08-10 16:57:38.681 | DEBUG    | scanner.new_pairs:enrich_token:161 - Birdeye overview xato 4kjruqGHDsSqkMdFfCjV7Vb62HPFhtXyWc2t6JpQzDnz: Client error '401 Unauthorized' for url 'https://public-api.birdeye.so/defi/token_overview?address=4kjruqGHDsSqkMdFfCjV7Vb62HPFhtXyWc2t6JpQzDnz'
For more information check: https://developer.mozilla.org/en-US/docs/Web/HTTP/Status/401
2026-08-10 16:57:38.803 | DEBUG    | scanner.new_pairs:scan_once:240 - ❌ Filter o'tmadi 4kjruqGHDsSqkMdFfCjV7Vb62HPFhtXyWc2t6JpQzDnz: ['Token eski: 5661.7 daq > 15']
2026-08-10 16:57:39.337 | DEBUG    | sell.monitor:check_once:266 - Hold CARDS @ $0.13380000 (-7.3%)
2026-08-10 16:57:39.891 | WARNING  | utils.retry:<lambda>:19 - Retry 1/3 for get_token_overview: Client error '401 Unauthorized' for url 'https://public-api.birdeye.so/defi/token_overview?address=5Jr9hGmJgxBRjjF8XGcGgQzXUdsbpZNNMpigEv8Wpump'
For more information check: https://developer.mozilla.org/en-US/docs/Web/HTTP/Status/401
2026-08-10 16:57:41.009 | WARNING  | utils.retry:<lambda>:19 - Retry 2/3 for get_token_overview: Client error '401 Unauthorized' for url 'https://public-api.birdeye.so/defi/token_overview?address=5Jr9hGmJgxBRjjF8XGcGgQzXUdsbpZNNMpigEv8Wpump'
For more information check: https://developer.mozilla.org/en-US/docs/Web/HTTP/Status/401
2026-08-10 16:57:43.125 | DEBUG    | scanner.new_pairs:enrich_token:161 - Birdeye overview xato 5Jr9hGmJgxBRjjF8XGcGgQzXUdsbpZNNMpigEv8Wpump: Client error '401 Unauthorized' for url 'https://public-api.birdeye.so/defi/token_overview?address=5Jr9hGmJgxBRjjF8XGcGgQzXUdsbpZNNMpigEv8Wpump'
For more information check: https://developer.mozilla.org/en-US/docs/Web/HTTP/Status/401
2026-08-10 16:57:43.261 | DEBUG    | scanner.new_pairs:scan_once:240 - ❌ Filter o'tmadi 5Jr9hGmJgxBRjjF8XGcGgQzXUdsbpZNNMpigEv8Wpump: ['Token eski: 1106591.0 daq > 15']
2026-08-10 16:57:44.421 | WARNING  | utils.retry:<lambda>:19 - Retry 1/3 for get_token_overview: Client error '401 Unauthorized' for url 'https://public-api.birdeye.so/defi/token_overview?address=GJAFwWjJ3vnTsrQVabjBVK2TYB1YtRCQXRDfDgUnpump'
For more information check: https://developer.mozilla.org/en-US/docs/Web/HTTP/Status/401
2026-08-10 16:57:45.537 | WARNING  | utils.retry:<lambda>:19 - Retry 2/3 for get_token_overview: Client error '401 Unauthorized' for url 'https://public-api.birdeye.so/defi/token_overview?address=GJAFwWjJ3vnTsrQVabjBVK2TYB1YtRCQXRDfDgUnpump'
For more information check: https://developer.mozilla.org/en-US/docs/Web/HTTP/Status/401
2026-08-10 16:57:47.666 | DEBUG    | scanner.new_pairs:enrich_token:161 - Birdeye overview xato GJAFwWjJ3vnTsrQVabjBVK2TYB1YtRCQXRDfDgUnpump: Client error '401 Unauthorized' for url 'https://public-api.birdeye.so/defi/token_overview?address=GJAFwWjJ3vnTsrQVabjBVK2TYB1YtRCQXRDfDgUnpump'
For more information check: https://developer.mozilla.org/en-US/docs/Web/HTTP/Status/401
2026-08-10 16:57:47.775 | DEBUG    | scanner.new_pairs:scan_once:240 - ❌ Filter o'tmadi GJAFwWjJ3vnTsrQVabjBVK2TYB1YtRCQXRDfDgUnpump: ['Token eski: 950421.1 daq > 15']
2026-08-10 16:57:55.447 | DEBUG    | sell.monitor:check_once:266 - Hold GEOD @ $0.18050000 (-10.9%)
2026-08-10 16:57:56.411 | DEBUG    | sell.monitor:check_once:266 - Hold PBTC @ $0.15350000 (+4.9%)
2026-08-10 16:57:57.170 | DEBUG    | sell.monitor:check_once:266 - Hold GIGA @ $0.00201200 (+5.1%)
2026-08-10 16:57:58.186 | DEBUG    | sell.monitor:check_once:266 - Hold POPCAT @ $0.04480000 (-0.6%)
2026-08-10 16:57:59.358 | DEBUG    | sell.monitor:check_once:266 - Hold SHIB @ $0.00072180 (+1.3%)
2026-08-10 16:58:00.403 | DEBUG    | sell.monitor:check_once:266 - Hold CHILLGUY @ $0.01107000 (+18.1%)
2026-08-10 16:58:01.313 | DEBUG    | sell.monitor:check_once:266 - Hold $WIF @ $0.14400000 (+2.6%)
2026-08-10 16:58:02.182 | DEBUG    | sell.monitor:check_once:266 - Hold SOL @ $143.20000000 (+0.0%)
2026-08-10 16:58:03.968 | DEBUG    | sell.monitor:check_once:266 - Hold JIMMY @ $0.00000178 (-89.8%)
2026-08-10 16:58:05.134 | DEBUG    | sell.monitor:check_once:266 - Hold GrokHub @ $0.00000220 (-49.4%)
2026-08-10 16:58:06.185 | DEBUG    | sell.monitor:check_once:266 - Hold Hoshi @ $0.00000212 (-94.6%)
2026-08-10 16:58:08.510 | DEBUG    | sell.monitor:check_once:266 - Hold FSH @ $0.00000156 (-91.6%)
2026-08-10 16:58:11.625 | DEBUG    | sell.monitor:check_once:266 - Hold manlet @ $0.00000701 (-88.5%)
2026-08-10 16:58:14.628 | DEBUG    | sell.monitor:check_once:266 - Hold DickCoin59 @ $0.00000158 (-13.5%)
2026-08-10 16:58:15.528 | DEBUG    | sell.monitor:check_once:266 - Hold KOHARU @ $0.00000272 (-95.5%)
2026-08-10 16:58:18.447 | DEBUG    | sell.monitor:check_once:266 - Hold Bully @ $0.00000173 (-50.6%)
2026-08-10 16:58:19.506 | DEBUG    | sell.monitor:check_once:266 - Hold smirk @ $0.00000226 (-56.9%)
2026-08-10 16:58:20.529 | DEBUG    | sell.monitor:check_once:266 - Hold SEAL @ $0.00000240 (-73.4%)
2026-08-10 16:58:21.610 | DEBUG    | sell.monitor:check_once:266 - Hold Dinar @ $0.13250000 (+2.6%)
2026-08-10 16:58:22.778 | DEBUG    | sell.monitor:check_once:266 - Hold Ww3 @ $0.00269300 (+3.7%)
2026-08-10 16:58:23.668 | DEBUG    | sell.monitor:check_once:266 - Hold EPIK @ $0.00544800 (-4.3%)
2026-08-10 16:58:24.751 | DEBUG    | sell.monitor:check_once:266 - Hold fih @ $0.00964500 (-8.0%)
2026-08-10 16:58:25.849 | DEBUG    | sell.monitor:check_once:266 - Hold CARDS @ $0.13390000 (-7.2%)
2026-08-10 16:58:42.204 | DEBUG    | sell.monitor:check_once:266 - Hold GEOD @ $0.18050000 (-10.9%)
2026-08-10 16:58:43.299 | DEBUG    | sell.monitor:check_once:266 - Hold PBTC @ $0.15340000 (+4.9%)
2026-08-10 16:58:44.312 | DEBUG    | sell.monitor:check_once:266 - Hold GIGA @ $0.00201200 (+5.1%)
2026-08-10 16:58:45.407 | DEBUG    | sell.monitor:check_once:266 - Hold POPCAT @ $0.04480000 (-0.6%)
2026-08-10 16:58:46.537 | DEBUG    | sell.monitor:check_once:266 - Hold SHIB @ $0.00072180 (+1.3%)
2026-08-10 16:58:47.563 | DEBUG    | sell.monitor:check_once:266 - Hold CHILLGUY @ $0.01107000 (+18.1%)
2026-08-10 16:58:48.389 | DEBUG    | sell.monitor:check_once:266 - Hold $WIF @ $0.14430000 (+2.8%)
2026-08-10 16:58:49.346 | DEBUG    | sell.monitor:check_once:266 - Hold SOL @ $143.20000000 (+0.0%)
2026-08-10 16:58:50.585 | INFO     | scanner.new_pairs:scan_once:196 - Topildi 49 ta kandidat
2026-08-10 16:58:51.018 | DEBUG    | sell.monitor:check_once:266 - Hold JIMMY @ $0.00000178 (-89.8%)
2026-08-10 16:58:51.435 | WARNING  | utils.retry:<lambda>:19 - Retry 1/3 for get_token_overview: Client error '401 Unauthorized' for url 'https://public-api.birdeye.so/defi/token_overview?address=EkbNFrBEHHLpCk68kg6f6D2LAGe6o7CyS7FuqXDYpump'
For more information check: https://developer.mozilla.org/en-US/docs/Web/HTTP/Status/401
2026-08-10 16:58:52.096 | DEBUG    | sell.monitor:check_once:266 - Hold GrokHub @ $0.00000220 (-49.4%)
2026-08-10 16:58:52.575 | WARNING  | utils.retry:<lambda>:19 - Retry 2/3 for get_token_overview: Client error '401 Unauthorized' for url 'https://public-api.birdeye.so/defi/token_overview?address=EkbNFrBEHHLpCk68kg6f6D2LAGe6o7CyS7FuqXDYpump'
For more information check: https://developer.mozilla.org/en-US/docs/Web/HTTP/Status/401
2026-08-10 16:58:53.928 | DEBUG    | sell.monitor:check_once:266 - Hold Hoshi @ $0.00000212 (-94.6%)
2026-08-10 16:58:54.707 | DEBUG    | scanner.new_pairs:enrich_token:161 - Birdeye overview xato EkbNFrBEHHLpCk68kg6f6D2LAGe6o7CyS7FuqXDYpump: Client error '401 Unauthorized' for url 'https://public-api.birdeye.so/defi/token_overview?address=EkbNFrBEHHLpCk68kg6f6D2LAGe6o7CyS7FuqXDYpump'
For more information check: https://developer.mozilla.org/en-US/docs/Web/HTTP/Status/401
2026-08-10 16:58:54.813 | DEBUG    | scanner.new_pairs:scan_once:240 - ❌ Filter o'tmadi EkbNFrBEHHLpCk68kg6f6D2LAGe6o7CyS7FuqXDYpump: ['Token yoshi OK: 7.2 daq', 'Liquidity past: $13,728 < $20,000']
2026-08-10 16:58:55.820 | DEBUG    | sell.monitor:check_once:266 - Hold FSH @ $0.00000156 (-91.6%)
2026-08-10 16:58:55.831 | WARNING  | utils.retry:<lambda>:19 - Retry 1/3 for get_token_overview: Client error '401 Unauthorized' for url 'https://public-api.birdeye.so/defi/token_overview?address=Dz9mQ9NzkBcCsuGPFJ3r1bS4wgqKMHBPiVuniW8Mbonk'
For more information check: https://developer.mozilla.org/en-US/docs/Web/HTTP/Status/401
2026-08-10 16:58:56.953 | WARNING  | utils.retry:<lambda>:19 - Retry 2/3 for get_token_overview: Client error '401 Unauthorized' for url 'https://public-api.birdeye.so/defi/token_overview?address=Dz9mQ9NzkBcCsuGPFJ3r1bS4wgqKMHBPiVuniW8Mbonk'
For more information check: https://developer.mozilla.org/en-US/docs/Web/HTTP/Status/401
2026-08-10 16:58:58.645 | DEBUG    | sell.monitor:check_once:266 - Hold manlet @ $0.00000701 (-88.5%)
2026-08-10 16:58:59.070 | DEBUG    | scanner.new_pairs:enrich_token:161 - Birdeye overview xato Dz9mQ9NzkBcCsuGPFJ3r1bS4wgqKMHBPiVuniW8Mbonk: Client error '401 Unauthorized' for url 'https://public-api.birdeye.so/defi/token_overview?address=Dz9mQ9NzkBcCsuGPFJ3r1bS4wgqKMHBPiVuniW8Mbonk'
For more information check: https://developer.mozilla.org/en-US/docs/Web/HTTP/Status/401
2026-08-10 16:58:59.176 | DEBUG    | scanner.new_pairs:scan_once:240 - ❌ Filter o'tmadi Dz9mQ9NzkBcCsuGPFJ3r1bS4wgqKMHBPiVuniW8Mbonk: ['Token eski: 657935.7 daq > 15']
2026-08-10 16:59:00.337 | WARNING  | utils.retry:<lambda>:19 - Retry 1/3 for get_token_overview: Client error '401 Unauthorized' for url 'https://public-api.birdeye.so/defi/token_overview?address=JC1oqmh4vhFiQroS7oJKMES6wawyVrQDBLa9oGvVYhcg'
For more information check: https://developer.mozilla.org/en-US/docs/Web/HTTP/Status/401
2026-08-10 16:59:01.467 | DEBUG    | sell.monitor:check_once:266 - Hold DickCoin59 @ $0.00000158 (-13.5%)
2026-08-10 16:59:01.489 | WARNING  | utils.retry:<lambda>:19 - Retry 2/3 for get_token_overview: Client error '401 Unauthorized' for url 'https://public-api.birdeye.so/defi/token_overview?address=JC1oqmh4vhFiQroS7oJKMES6wawyVrQDBLa9oGvVYhcg'
For more information check: https://developer.mozilla.org/en-US/docs/Web/HTTP/Status/401
2026-08-10 16:59:02.554 | DEBUG    | sell.monitor:check_once:266 - Hold KOHARU @ $0.00000272 (-95.5%)
2026-08-10 16:59:03.613 | DEBUG    | scanner.new_pairs:enrich_token:161 - Birdeye overview xato JC1oqmh4vhFiQroS7oJKMES6wawyVrQDBLa9oGvVYhcg: Client error '401 Unauthorized' for url 'https://public-api.birdeye.so/defi/token_overview?address=JC1oqmh4vhFiQroS7oJKMES6wawyVrQDBLa9oGvVYhcg'
For more information check: https://developer.mozilla.org/en-US/docs/Web/HTTP/Status/401
2026-08-10 16:59:03.719 | DEBUG    | scanner.new_pairs:scan_once:240 - ❌ Filter o'tmadi JC1oqmh4vhFiQroS7oJKMES6wawyVrQDBLa9oGvVYhcg: ['Token eski: 4805.8 daq > 15']
2026-08-10 16:59:04.785 | WARNING  | utils.retry:<lambda>:19 - Retry 1/3 for get_token_overview: Client error '401 Unauthorized' for url 'https://public-api.birdeye.so/defi/token_overview?address=61V8vBaqAGMpgDQi4JcAwo1dmBGHsyhzodcPqnEVpump'
For more information check: https://developer.mozilla.org/en-US/docs/Web/HTTP/Status/401
2026-08-10 16:59:05.917 | WARNING  | utils.retry:<lambda>:19 - Retry 2/3 for get_token_overview: Client error '401 Unauthorized' for url 'https://public-api.birdeye.so/defi/token_overview?address=61V8vBaqAGMpgDQi4JcAwo1dmBGHsyhzodcPqnEVpump'
For more information check: https://developer.mozilla.org/en-US/docs/Web/HTTP/Status/401
2026-08-10 16:59:05.942 | DEBUG    | sell.monitor:check_once:266 - Hold Bully @ $0.00000173 (-50.6%)
2026-08-10 16:59:06.985 | DEBUG    | sell.monitor:check_once:266 - Hold smirk @ $0.00000226 (-56.9%)
2026-08-10 16:59:08.019 | DEBUG    | sell.monitor:check_once:266 - Hold SEAL @ $0.00000240 (-73.4%)
2026-08-10 16:59:08.029 | DEBUG    | scanner.new_pairs:enrich_token:161 - Birdeye overview xato 61V8vBaqAGMpgDQi4JcAwo1dmBGHsyhzodcPqnEVpump: Client error '401 Unauthorized' for url 'https://public-api.birdeye.so/defi/token_overview?address=61V8vBaqAGMpgDQi4JcAwo1dmBGHsyhzodcPqnEVpump'
For more information check: https://developer.mozilla.org/en-US/docs/Web/HTTP/Status/401
2026-08-10 16:59:08.197 | DEBUG    | scanner.new_pairs:scan_once:240 - ❌ Filter o'tmadi 61V8vBaqAGMpgDQi4JcAwo1dmBGHsyhzodcPqnEVpump: ['Token eski: 874964.4 daq > 15']
2026-08-10 16:59:09.115 | DEBUG    | sell.monitor:check_once:266 - Hold Dinar @ $0.13250000 (+2.6%)
2026-08-10 16:59:09.403 | WARNING  | utils.retry:<lambda>:19 - Retry 1/3 for get_token_overview: Client error '401 Unauthorized' for url 'https://public-api.birdeye.so/defi/token_overview?address=6ogzHhzdrQr9Pgv6hZ2MNze7UrzBMAFyBBWUYp1Fhitx'
For more information check: https://developer.mozilla.org/en-US/docs/Web/HTTP/Status/401
2026-08-10 16:59:10.117 | DEBUG    | sell.monitor:check_once:266 - Hold Ww3 @ $0.00269300 (+3.7%)
2026-08-10 16:59:10.527 | WARNING  | utils.retry:<lambda>:19 - Retry 2/3 for get_token_overview: Client error '401 Unauthorized' for url 'https://public-api.birdeye.so/defi/token_overview?address=6ogzHhzdrQr9Pgv6hZ2MNze7UrzBMAFyBBWUYp1Fhitx'
For more information check: https://developer.mozilla.org/en-US/docs/Web/HTTP/Status/401
2026-08-10 16:59:11.040 | DEBUG    | sell.monitor:check_once:266 - Hold EPIK @ $0.00544800 (-4.3%)
2026-08-10 16:59:12.068 | DEBUG    | sell.monitor:check_once:266 - Hold fih @ $0.00963300 (-8.1%)
2026-08-10 16:59:12.639 | DEBUG    | scanner.new_pairs:enrich_token:161 - Birdeye overview xato 6ogzHhzdrQr9Pgv6hZ2MNze7UrzBMAFyBBWUYp1Fhitx: Client error '401 Unauthorized' for url 'https://public-api.birdeye.so/defi/token_overview?address=6ogzHhzdrQr9Pgv6hZ2MNze7UrzBMAFyBBWUYp1Fhitx'
For more information check: https://developer.mozilla.org/en-US/docs/Web/HTTP/Status/401
2026-08-10 16:59:12.765 | DEBUG    | scanner.new_pairs:scan_once:240 - ❌ Filter o'tmadi 6ogzHhzdrQr9Pgv6hZ2MNze7UrzBMAFyBBWUYp1Fhitx: ['Token eski: 1325631.1 daq > 15']
2026-08-10 16:59:13.060 | DEBUG    | sell.monitor:check_once:266 - Hold CARDS @ $0.13390000 (-7.2%)
2026-08-10 16:59:13.786 | WARNING  | utils.retry:<lambda>:19 - Retry 1/3 for get_token_overview: Client error '401 Unauthorized' for url 'https://public-api.birdeye.so/defi/token_overview?address=9BB6NFEcjBCtnNLFko2FqVQBq8HHM13kCyYcdQbgpump'
For more information check: https://developer.mozilla.org/en-US/docs/Web/HTTP/Status/401
2026-08-10 16:59:14.918 | WARNING  | utils.retry:<lambda>:19 - Retry 2/3 for get_token_overview: Client error '401 Unauthorized' for url 'https://public-api.birdeye.so/defi/token_overview?address=9BB6NFEcjBCtnNLFko2FqVQBq8HHM13kCyYcdQbgpump'
For more information check: https://developer.mozilla.org/en-US/docs/Web/HTTP/Status/401
2026-08-10 16:59:17.110 | DEBUG    | scanner.new_pairs:enrich_token:161 - Birdeye overview xato 9BB6NFEcjBCtnNLFko2FqVQBq8HHM13kCyYcdQbgpump: Client error '401 Unauthorized' for url 'https://public-api.birdeye.so/defi/token_overview?address=9BB6NFEcjBCtnNLFko2FqVQBq8HHM13kCyYcdQbgpump'
For more information check: https://developer.mozilla.org/en-US/docs/Web/HTTP/Status/401
2026-08-10 16:59:17.240 | DEBUG    | scanner.new_pairs:scan_once:240 - ❌ Filter o'tmadi 9BB6NFEcjBCtnNLFko2FqVQBq8HHM13kCyYcdQbgpump: ['Token eski: 952189.5 daq > 15']
2026-08-10 16:59:18.273 | WARNING  | utils.retry:<lambda>:19 - Retry 1/3 for get_token_overview: Client error '401 Unauthorized' for url 'https://public-api.birdeye.so/defi/token_overview?address=CARDSccUMFKoPRZxt5vt3ksUbxEFEcnZ3H2pd3dKxYjp'
For more information check: https://developer.mozilla.org/en-US/docs/Web/HTTP/Status/401
2026-08-10 16:59:19.388 | WARNING  | utils.retry:<lambda>:19 - Retry 2/3 for get_token_overview: Client error '401 Unauthorized' for url 'https://public-api.birdeye.so/defi/token_overview?address=CARDSccUMFKoPRZxt5vt3ksUbxEFEcnZ3H2pd3dKxYjp'
For more information check: https://developer.mozilla.org/en-US/docs/Web/HTTP/Status/401
2026-08-10 16:59:21.512 | DEBUG    | scanner.new_pairs:enrich_token:161 - Birdeye overview xato CARDSccUMFKoPRZxt5vt3ksUbxEFEcnZ3H2pd3dKxYjp: Client error '401 Unauthorized' for url 'https://public-api.birdeye.so/defi/token_overview?address=CARDSccUMFKoPRZxt5vt3ksUbxEFEcnZ3H2pd3dKxYjp'
For more information check: https://developer.mozilla.org/en-US/docs/Web/HTTP/Status/401
2026-08-10 16:59:21.614 | DEBUG    | scanner.new_pairs:scan_once:240 - ❌ Filter o'tmadi CARDSccUMFKoPRZxt5vt3ksUbxEFEcnZ3H2pd3dKxYjp: ['Token eski: 497824.6 daq > 15']
2026-08-10 16:59:22.741 | WARNING  | utils.retry:<lambda>:19 - Retry 1/3 for get_token_overview: Client error '401 Unauthorized' for url 'https://public-api.birdeye.so/defi/token_overview?address=AMjzRn1TBQwQfNAjHFeBb7uGbbqbJB7FzXAnGgdFPk6K'
For more information check: https://developer.mozilla.org/en-US/docs/Web/HTTP/Status/401
2026-08-10 16:59:23.924 | WARNING  | utils.retry:<lambda>:19 - Retry 2/3 for get_token_overview: Client error '401 Unauthorized' for url 'https://public-api.birdeye.so/defi/token_overview?address=AMjzRn1TBQwQfNAjHFeBb7uGbbqbJB7FzXAnGgdFPk6K'
For more information check: https://developer.mozilla.org/en-US/docs/Web/HTTP/Status/401
2026-08-10 16:59:26.042 | DEBUG    | scanner.new_pairs:enrich_token:161 - Birdeye overview xato AMjzRn1TBQwQfNAjHFeBb7uGbbqbJB7FzXAnGgdFPk6K: Client error '401 Unauthorized' for url 'https://public-api.birdeye.so/defi/token_overview?address=AMjzRn1TBQwQfNAjHFeBb7uGbbqbJB7FzXAnGgdFPk6K'
For more information check: https://developer.mozilla.org/en-US/docs/Web/HTTP/Status/401
2026-08-10 16:59:26.175 | DEBUG    | scanner.new_pairs:scan_once:240 - ❌ Filter o'tmadi AMjzRn1TBQwQfNAjHFeBb7uGbbqbJB7FzXAnGgdFPk6K: ['Token eski: 1219659.3 daq > 15']
2026-08-10 16:59:27.090 | WARNING  | utils.retry:<lambda>:19 - Retry 1/3 for get_token_overview: Client error '401 Unauthorized' for url 'https://public-api.birdeye.so/defi/token_overview?address=AgCpt2wgiLaV29fmaFTZMuM4Hn59gwCArkiMj24zHTVb'
For more information check: https://developer.mozilla.org/en-US/docs/Web/HTTP/Status/401
2026-08-10 16:59:28.235 | WARNING  | utils.retry:<lambda>:19 - Retry 2/3 for get_token_overview: Client error '401 Unauthorized' for url 'https://public-api.birdeye.so/defi/token_overview?address=AgCpt2wgiLaV29fmaFTZMuM4Hn59gwCArkiMj24zHTVb'
For more information check: https://developer.mozilla.org/en-US/docs/Web/HTTP/Status/401
2026-08-10 16:59:29.217 | DEBUG    | sell.monitor:check_once:266 - Hold GEOD @ $0.18050000 (-10.9%)
2026-08-10 16:59:30.247 | DEBUG    | sell.monitor:check_once:266 - Hold PBTC @ $0.15390000 (+5.2%)
2026-08-10 16:59:30.361 | DEBUG    | scanner.new_pairs:enrich_token:161 - Birdeye overview xato AgCpt2wgiLaV29fmaFTZMuM4Hn59gwCArkiMj24zHTVb: Client error '401 Unauthorized' for url 'https://public-api.birdeye.so/defi/token_overview?address=AgCpt2wgiLaV29fmaFTZMuM4Hn59gwCArkiMj24zHTVb'
For more information check: https://developer.mozilla.org/en-US/docs/Web/HTTP/Status/401
2026-08-10 16:59:30.494 | DEBUG    | scanner.new_pairs:scan_once:240 - ❌ Filter o'tmadi AgCpt2wgiLaV29fmaFTZMuM4Hn59gwCArkiMj24zHTVb: ['Token eski: 48558.3 daq > 15']
2026-08-10 16:59:31.179 | DEBUG    | sell.monitor:check_once:266 - Hold GIGA @ $0.00201200 (+5.1%)
2026-08-10 16:59:31.517 | WARNING  | utils.retry:<lambda>:19 - Retry 1/3 for get_token_overview: Client error '401 Unauthorized' for url 'https://public-api.birdeye.so/defi/token_overview?address=7GCihgDB8fe6KNjn2MYtkzZcRjQy3t9GHdC8uHYmW2hr'
For more information check: https://developer.mozilla.org/en-US/docs/Web/HTTP/Status/401
2026-08-10 16:59:31.939 | DEBUG    | sell.monitor:check_once:266 - Hold POPCAT @ $0.04480000 (-0.6%)
2026-08-10 16:59:32.640 | WARNING  | utils.retry:<lambda>:19 - Retry 2/3 for get_token_overview: Client error '401 Unauthorized' for url 'https://public-api.birdeye.so/defi/token_overview?address=7GCihgDB8fe6KNjn2MYtkzZcRjQy3t9GHdC8uHYmW2hr'
For more information check: https://developer.mozilla.org/en-US/docs/Web/HTTP/Status/401
2026-08-10 16:59:33.013 | DEBUG    | sell.monitor:check_once:266 - Hold SHIB @ $0.00072180 (+1.3%)
2026-08-10 16:59:33.902 | DEBUG    | sell.monitor:check_once:266 - Hold CHILLGUY @ $0.01107000 (+18.1%)
2026-08-10 16:59:34.756 | DEBUG    | scanner.new_pairs:enrich_token:161 - Birdeye overview xato 7GCihgDB8fe6KNjn2MYtkzZcRjQy3t9GHdC8uHYmW2hr: Client error '401 Unauthorized' for url 'https://public-api.birdeye.so/defi/token_overview?address=7GCihgDB8fe6KNjn2MYtkzZcRjQy3t9GHdC8uHYmW2hr'
For more information check: https://developer.mozilla.org/en-US/docs/Web/HTTP/Status/401
2026-08-10 16:59:34.949 | DEBUG    | scanner.new_pairs:scan_once:240 - ❌ Filter o'tmadi 7GCihgDB8fe6KNjn2MYtkzZcRjQy3t9GHdC8uHYmW2hr: ['Token eski: 1399135.5 daq > 15']
2026-08-10 16:59:34.950 | DEBUG    | sell.monitor:check_once:266 - Hold $WIF @ $0.14430000 (+2.8%)
2026-08-10 16:59:35.988 | DEBUG    | sell.monitor:check_once:266 - Hold SOL @ $143.20000000 (+0.0%)
2026-08-10 16:59:36.148 | WARNING  | utils.retry:<lambda>:19 - Retry 1/3 for get_token_overview: Client error '401 Unauthorized' for url 'https://public-api.birdeye.so/defi/token_overview?address=Dfh5DzRgSvvCFDoYc2ciTkMrbDfRKybA4SoFbPmApump'
For more information check: https://developer.mozilla.org/en-US/docs/Web/HTTP/Status/401
2026-08-10 16:59:37.278 | WARNING  | utils.retry:<lambda>:19 - Retry 2/3 for get_token_overview: Client error '401 Unauthorized' for url 'https://public-api.birdeye.so/defi/token_overview?address=Dfh5DzRgSvvCFDoYc2ciTkMrbDfRKybA4SoFbPmApump'
For more information check: https://developer.mozilla.org/en-US/docs/Web/HTTP/Status/401
2026-08-10 16:59:37.748 | DEBUG    | sell.monitor:check_once:266 - Hold JIMMY @ $0.00000178 (-89.8%)
2026-08-10 16:59:38.765 | DEBUG    | sell.monitor:check_once:266 - Hold GrokHub @ $0.00000220 (-49.4%)
2026-08-10 16:59:39.396 | DEBUG    | scanner.new_pairs:enrich_token:161 - Birdeye overview xato Dfh5DzRgSvvCFDoYc2ciTkMrbDfRKybA4SoFbPmApump: Client error '401 Unauthorized' for url 'https://public-api.birdeye.so/defi/token_overview?address=Dfh5DzRgSvvCFDoYc2ciTkMrbDfRKybA4SoFbPmApump'
For more information check: https://developer.mozilla.org/en-US/docs/Web/HTTP/Status/401
2026-08-10 16:59:39.507 | DEBUG    | scanner.new_pairs:scan_once:240 - ❌ Filter o'tmadi Dfh5DzRgSvvCFDoYc2ciTkMrbDfRKybA4SoFbPmApump: ['Token eski: 919652.0 daq > 15']
2026-08-10 16:59:39.835 | DEBUG    | sell.monitor:check_once:266 - Hold Hoshi @ $0.00000212 (-94.6%)
2026-08-10 16:59:40.705 | WARNING  | utils.retry:<lambda>:19 - Retry 1/3 for get_token_overview: Client error '401 Unauthorized' for url 'https://public-api.birdeye.so/defi/token_overview?address=3psH1Mj1f7yUfaD5gh6Zj7epE8hhrMkMETgv5TshQA4o'
For more information check: https://developer.mozilla.org/en-US/docs/Web/HTTP/Status/401
2026-08-10 16:59:41.758 | DEBUG    | sell.monitor:check_once:266 - Hold FSH @ $0.00000156 (-91.6%)
2026-08-10 16:59:41.870 | WARNING  | utils.retry:<lambda>:19 - Retry 2/3 for get_token_overview: Client error '401 Unauthorized' for url 'https://public-api.birdeye.so/defi/token_overview?address=3psH1Mj1f7yUfaD5gh6Zj7epE8hhrMkMETgv5TshQA4o'
For more information check: https://developer.mozilla.org/en-US/docs/Web/HTTP/Status/401
2026-08-10 16:59:43.998 | DEBUG    | scanner.new_pairs:enrich_token:161 - Birdeye overview xato 3psH1Mj1f7yUfaD5gh6Zj7epE8hhrMkMETgv5TshQA4o: Client error '401 Unauthorized' for url 'https://public-api.birdeye.so/defi/token_overview?address=3psH1Mj1f7yUfaD5gh6Zj7epE8hhrMkMETgv5TshQA4o'
For more information check: https://developer.mozilla.org/en-US/docs/Web/HTTP/Status/401
2026-08-10 16:59:44.103 | DEBUG    | scanner.new_pairs:scan_once:240 - ❌ Filter o'tmadi 3psH1Mj1f7yUfaD5gh6Zj7epE8hhrMkMETgv5TshQA4o: ['Token eski: 1281209.7 daq > 15']
2026-08-10 16:59:44.601 | DEBUG    | sell.monitor:check_once:266 - Hold manlet @ $0.00000701 (-88.5%)
2026-08-10 16:59:45.206 | WARNING  | utils.retry:<lambda>:19 - Retry 1/3 for get_token_overview: Client error '401 Unauthorized' for url 'https://public-api.birdeye.so/defi/token_overview?address=Df6yfrKC8kZE3KNkrHERKzAetSxbrWeniQfyJY4Jpump'
For more information check: https://developer.mozilla.org/en-US/docs/Web/HTTP/Status/401
2026-08-10 16:59:46.338 | WARNING  | utils.retry:<lambda>:19 - Retry 2/3 for get_token_overview: Client error '401 Unauthorized' for url 'https://public-api.birdeye.so/defi/token_overview?address=Df6yfrKC8kZE3KNkrHERKzAetSxbrWeniQfyJY4Jpump'
For more information check: https://developer.mozilla.org/en-US/docs/Web/HTTP/Status/401
2026-08-10 16:59:48.059 | DEBUG    | sell.monitor:check_once:266 - Hold DickCoin59 @ $0.00000158 (-13.5%)
2026-08-10 16:59:48.466 | DEBUG    | scanner.new_pairs:enrich_token:161 - Birdeye overview xato Df6yfrKC8kZE3KNkrHERKzAetSxbrWeniQfyJY4Jpump: Client error '401 Unauthorized' for url 'https://public-api.birdeye.so/defi/token_overview?address=Df6yfrKC8kZE3KNkrHERKzAetSxbrWeniQfyJY4Jpump'
For more information check: https://developer.mozilla.org/en-US/docs/Web/HTTP/Status/401
2026-08-10 16:59:48.689 | DEBUG    | scanner.new_pairs:scan_once:240 - ❌ Filter o'tmadi Df6yfrKC8kZE3KNkrHERKzAetSxbrWeniQfyJY4Jpump: ['Token eski: 911031.4 daq > 15']
2026-08-10 16:59:49.133 | DEBUG    | sell.monitor:check_once:266 - Hold KOHARU @ $0.00000272 (-95.5%)
2026-08-10 16:59:49.855 | WARNING  | utils.retry:<lambda>:19 - Retry 1/3 for get_token_overview: Client error '401 Unauthorized' for url 'https://public-api.birdeye.so/defi/token_overview?address=2qEHjDLDLbuBgRYvsxhc5D6uDWAivNFZGan56P1tpump'
For more information check: https://developer.mozilla.org/en-US/docs/Web/HTTP/Status/401
2026-08-10 16:59:50.972 | WARNING  | utils.retry:<lambda>:19 - Retry 2/3 for get_token_overview: Client error '401 Unauthorized' for url 'https://public-api.birdeye.so/defi/token_overview?address=2qEHjDLDLbuBgRYvsxhc5D6uDWAivNFZGan56P1tpump'
For more information check: https://developer.mozilla.org/en-US/docs/Web/HTTP/Status/401
2026-08-10 16:59:51.770 | DEBUG    | sell.monitor:check_once:266 - Hold Bully @ $0.00000173 (-50.6%)
2026-08-10 16:59:52.799 | DEBUG    | sell.monitor:check_once:266 - Hold smirk @ $0.00000226 (-56.9%)
